Archive member included to satisfy reference by file (symbol)

./libopencm3/lib/libopencm3_stm32f1.a(gpio.o)
                              i2c.o (gpio_set_mode)
./libopencm3/lib/libopencm3_stm32f1.a(rcc.o)
                              usb_slave.o (rcc_clock_setup_in_hse_25mhz_out_72mhz)
./libopencm3/lib/libopencm3_stm32f1.a(gpio_common_all.o)
                              i2c.o (gpio_set)
./libopencm3/lib/libopencm3_stm32f1.a(i2c_common_v1.o)
                              i2c.o (i2c_peripheral_enable)
./libopencm3/lib/libopencm3_stm32f1.a(rcc_common_all.o)
                              i2c.o (rcc_periph_clock_enable)
./libopencm3/lib/libopencm3_stm32f1.a(flash_common_f01.o)
                              ./libopencm3/lib/libopencm3_stm32f1.a(rcc.o) (flash_set_ws)
./libopencm3/lib/libopencm3_stm32f1.a(usb.o)
                              usb_slave.o (usbd_init)
./libopencm3/lib/libopencm3_stm32f1.a(usb_control.o)
                              usb_slave.o (usbd_register_control_callback)
./libopencm3/lib/libopencm3_stm32f1.a(usb_standard.o)
                              usb_slave.o (usbd_register_set_config_callback)
./libopencm3/lib/libopencm3_stm32f1.a(usb_f107.o)
                              usb_slave.o (stm32f107_usb_driver)
./libopencm3/lib/libopencm3_stm32f1.a(vector.o)
                              (reset_handler)
./libopencm3/lib/libopencm3_stm32f1.a(assert.o)
                              ./libopencm3/lib/libopencm3_stm32f1.a(rcc.o) (cm3_assert_failed)
./libopencm3/lib/libopencm3_stm32f1.a(flash.o)
                              ./libopencm3/lib/libopencm3_stm32f1.a(flash_common_f01.o) (flash_get_status_flags)
./libopencm3/lib/libopencm3_stm32f1.a(usb_fx07_common.o)
                              ./libopencm3/lib/libopencm3_stm32f1.a(usb_f107.o) (stm32fx07_set_address)
/opt/gcc-arm-none-eabi-6-2017-q1-update/bin/../lib/gcc/arm-none-eabi/6.3.1/../../../../arm-none-eabi/lib/thumb/v7-m/libc.a(lib_a-malloc.o)
                              usb_slave.o (malloc)
/opt/gcc-arm-none-eabi-6-2017-q1-update/bin/../lib/gcc/arm-none-eabi/6.3.1/../../../../arm-none-eabi/lib/thumb/v7-m/libc.a(lib_a-mallocr.o)
                              /opt/gcc-arm-none-eabi-6-2017-q1-update/bin/../lib/gcc/arm-none-eabi/6.3.1/../../../../arm-none-eabi/lib/thumb/v7-m/libc.a(lib_a-malloc.o) (_malloc_r)
/opt/gcc-arm-none-eabi-6-2017-q1-update/bin/../lib/gcc/arm-none-eabi/6.3.1/../../../../arm-none-eabi/lib/thumb/v7-m/libc.a(lib_a-memcpy.o)
                              ./libopencm3/lib/libopencm3_stm32f1.a(usb_standard.o) (memcpy)
/opt/gcc-arm-none-eabi-6-2017-q1-update/bin/../lib/gcc/arm-none-eabi/6.3.1/../../../../arm-none-eabi/lib/thumb/v7-m/libc.a(lib_a-mlock.o)
                              /opt/gcc-arm-none-eabi-6-2017-q1-update/bin/../lib/gcc/arm-none-eabi/6.3.1/../../../../arm-none-eabi/lib/thumb/v7-m/libc.a(lib_a-mallocr.o) (__malloc_lock)
/opt/gcc-arm-none-eabi-6-2017-q1-update/bin/../lib/gcc/arm-none-eabi/6.3.1/../../../../arm-none-eabi/lib/thumb/v7-m/libc.a(lib_a-printf.o)
                              usb_slave.o (printf)
/opt/gcc-arm-none-eabi-6-2017-q1-update/bin/../lib/gcc/arm-none-eabi/6.3.1/../../../../arm-none-eabi/lib/thumb/v7-m/libc.a(lib_a-sbrkr.o)
                              /opt/gcc-arm-none-eabi-6-2017-q1-update/bin/../lib/gcc/arm-none-eabi/6.3.1/../../../../arm-none-eabi/lib/thumb/v7-m/libc.a(lib_a-mallocr.o) (_sbrk_r)
/opt/gcc-arm-none-eabi-6-2017-q1-update/bin/../lib/gcc/arm-none-eabi/6.3.1/../../../../arm-none-eabi/lib/thumb/v7-m/libc.a(lib_a-strlen-stub.o)
                              ./libopencm3/lib/libopencm3_stm32f1.a(usb_standard.o) (strlen)
/opt/gcc-arm-none-eabi-6-2017-q1-update/bin/../lib/gcc/arm-none-eabi/6.3.1/../../../../arm-none-eabi/lib/thumb/v7-m/libc.a(lib_a-vfprintf.o)
                              /opt/gcc-arm-none-eabi-6-2017-q1-update/bin/../lib/gcc/arm-none-eabi/6.3.1/../../../../arm-none-eabi/lib/thumb/v7-m/libc.a(lib_a-printf.o) (_vfprintf_r)
/opt/gcc-arm-none-eabi-6-2017-q1-update/bin/../lib/gcc/arm-none-eabi/6.3.1/../../../../arm-none-eabi/lib/thumb/v7-m/libc.a(lib_a-wsetup.o)
                              /opt/gcc-arm-none-eabi-6-2017-q1-update/bin/../lib/gcc/arm-none-eabi/6.3.1/../../../../arm-none-eabi/lib/thumb/v7-m/libc.a(lib_a-vfprintf.o) (__swsetup_r)
/opt/gcc-arm-none-eabi-6-2017-q1-update/bin/../lib/gcc/arm-none-eabi/6.3.1/../../../../arm-none-eabi/lib/thumb/v7-m/libc.a(lib_a-dtoa.o)
                              /opt/gcc-arm-none-eabi-6-2017-q1-update/bin/../lib/gcc/arm-none-eabi/6.3.1/../../../../arm-none-eabi/lib/thumb/v7-m/libc.a(lib_a-vfprintf.o) (_dtoa_r)
/opt/gcc-arm-none-eabi-6-2017-q1-update/bin/../lib/gcc/arm-none-eabi/6.3.1/../../../../arm-none-eabi/lib/thumb/v7-m/libc.a(lib_a-fflush.o)
                              /opt/gcc-arm-none-eabi-6-2017-q1-update/bin/../lib/gcc/arm-none-eabi/6.3.1/../../../../arm-none-eabi/lib/thumb/v7-m/libc.a(lib_a-vfprintf.o) (_fflush_r)
[...]
Memory Configuration

Name             Origin             Length             Attributes
rom              0x0000000008000000 0x0000000000010000 xr
ram              0x0000000020000000 0x0000000000005000 xrw
*default*        0x0000000000000000 0xffffffffffffffff

Linker script and memory map

LOAD i2c.o
LOAD usb_slave.o
LOAD ./libopencm3/lib/libopencm3_stm32f1.a
START GROUP
LOAD /opt/gcc-arm-none-eabi-6-2017-q1-update/bin/../lib/gcc/arm-none-eabi/6.3.1/../../../../arm-none-eabi/lib/thumb/v7-m/libc.a
LOAD /opt/gcc-arm-none-eabi-6-2017-q1-update/bin/../lib/gcc/arm-none-eabi/6.3.1/thumb/v7-m/libgcc.a
LOAD /opt/gcc-arm-none-eabi-6-2017-q1-update/bin/../lib/gcc/arm-none-eabi/6.3.1/../../../../arm-none-eabi/lib/thumb/v7-m/libnosys.a
END GROUP
START GROUP
LOAD /opt/gcc-arm-none-eabi-6-2017-q1-update/bin/../lib/gcc/arm-none-eabi/6.3.1/thumb/v7-m/libgcc.a
LOAD /opt/gcc-arm-none-eabi-6-2017-q1-update/bin/../lib/gcc/arm-none-eabi/6.3.1/../../../../arm-none-eabi/lib/thumb/v7-m/libc.a
END GROUP

.text           0x0000000008000000     0x7370
 *(.vectors)
 .vectors       0x0000000008000000      0x150 ./libopencm3/lib/libopencm3_stm32f1.a(vector.o)
                0x0000000008000000                vector_table
 *(.text*)
 .text.i2c1_ev_isr
                0x0000000008000150       0xf0 i2c.o
                0x0000000008000150                i2c1_ev_isr
 .text.i2c1_er_isr
                0x0000000008000240       0x10 i2c.o
                0x0000000008000240                i2c1_er_isr
 .text.i2c1_setup
                0x0000000008000250       0x58 i2c.o
                0x0000000008000250                i2c1_setup
 .text.i2c1_read
                0x00000000080002a8       0xa4 i2c.o
                0x00000000080002a8                i2c1_read
 .text.i2c1_write
                0x000000000800034c       0x5e i2c.o
                0x000000000800034c                i2c1_write
 .text.vendorspec_control_request
                0x00000000080003aa        0x4 usb_slave.o
 .text.ep82_data_tx_cb
                0x00000000080003ae        0x2 usb_slave.o
 .text.vendorspec_set_config
                0x00000000080003b0       0x68 usb_slave.o
 .text.ep3_int_rx_cb
                0x0000000008000418       0x28 usb_slave.o
 .text.ep83_data_tx_cb
                0x0000000008000440       0x10 usb_slave.o
 .text.ep1_data_rx_cb
                0x0000000008000450      0x318 usb_slave.o
 .text.startup.main
                0x0000000008000768       0x6c usb_slave.o
                0x0000000008000768                main
 .text.gpio_set_mode
                0x00000000080007d4       0x64 ./libopencm3/lib/libopencm3_stm32f1.a(gpio.o)
                0x00000000080007d4                gpio_set_mode
 .text.rcc_osc_on.part.1
                0x0000000008000838       0x10 ./libopencm3/lib/libopencm3_stm32f1.a(rcc.o)
 .text.rcc_is_osc_ready
                0x0000000008000848       0x5c ./libopencm3/lib/libopencm3_stm32f1.a(rcc.o)
                0x0000000008000848                rcc_is_osc_ready
 .text.rcc_wait_for_osc_ready
                0x00000000080008a4       0x10 ./libopencm3/lib/libopencm3_stm32f1.a(rcc.o)
                0x00000000080008a4                rcc_wait_for_osc_ready
 .text.rcc_osc_on
                0x00000000080008b4       0x54 ./libopencm3/lib/libopencm3_stm32f1.a(rcc.o)
                0x00000000080008b4                rcc_osc_on
 .text.rcc_set_sysclk_source
                0x0000000008000908       0x14 ./libopencm3/lib/libopencm3_stm32f1.a(rcc.o)
                0x0000000008000908                rcc_set_sysclk_source
 .text.rcc_set_pll_multiplication_factor
                0x000000000800091c       0x14 ./libopencm3/lib/libopencm3_stm32f1.a(rcc.o)
                0x000000000800091c                rcc_set_pll_multiplication_factor
 .text.rcc_set_pll2_multiplication_factor
                0x0000000008000930       0x14 ./libopencm3/lib/libopencm3_stm32f1.a(rcc.o)
                0x0000000008000930                rcc_set_pll2_multiplication_factor
 .text.rcc_set_pll_source
                0x0000000008000944       0x14 ./libopencm3/lib/libopencm3_stm32f1.a(rcc.o)
                0x0000000008000944                rcc_set_pll_source
 .text.rcc_set_pllxtpre
                0x0000000008000958       0x14 ./libopencm3/lib/libopencm3_stm32f1.a(rcc.o)
                0x0000000008000958                rcc_set_pllxtpre
 .text.rcc_set_adcpre
                0x000000000800096c       0x14 ./libopencm3/lib/libopencm3_stm32f1.a(rcc.o)
                0x000000000800096c                rcc_set_adcpre
 .text.rcc_set_ppre2
                0x0000000008000980       0x14 ./libopencm3/lib/libopencm3_stm32f1.a(rcc.o)
                0x0000000008000980                rcc_set_ppre2
 .text.rcc_set_ppre1
                0x0000000008000994       0x14 ./libopencm3/lib/libopencm3_stm32f1.a(rcc.o)
                0x0000000008000994                rcc_set_ppre1
 .text.rcc_set_hpre
                0x00000000080009a8       0x14 ./libopencm3/lib/libopencm3_stm32f1.a(rcc.o)
                0x00000000080009a8                rcc_set_hpre
 .text.rcc_set_usbpre
                0x00000000080009bc       0x18 ./libopencm3/lib/libopencm3_stm32f1.a(rcc.o)
                0x00000000080009bc                rcc_set_usbpre
 .text.rcc_set_prediv1
                0x00000000080009d4       0x14 ./libopencm3/lib/libopencm3_stm32f1.a(rcc.o)
                0x00000000080009d4                rcc_set_prediv1
 .text.rcc_set_prediv2
                0x00000000080009e8       0x14 ./libopencm3/lib/libopencm3_stm32f1.a(rcc.o)
                0x00000000080009e8                rcc_set_prediv2
 .text.rcc_clock_setup_in_hse_25mhz_out_72mhz
                0x00000000080009fc       0xac ./libopencm3/lib/libopencm3_stm32f1.a(rcc.o)
                0x00000000080009fc                rcc_clock_setup_in_hse_25mhz_out_72mhz
 .text.gpio_set
                0x0000000008000aa8        0x4 ./libopencm3/lib/libopencm3_stm32f1.a(gpio_common_all.o)
                0x0000000008000aa8                gpio_set
 .text.gpio_toggle
                0x0000000008000aac       0x10 ./libopencm3/lib/libopencm3_stm32f1.a(gpio_common_all.o)
                0x0000000008000aac                gpio_toggle
 .text.i2c_peripheral_enable
                0x0000000008000abc        0xa ./libopencm3/lib/libopencm3_stm32f1.a(i2c_common_v1.o)
                0x0000000008000abc                i2c_peripheral_enable
 .text.i2c_peripheral_disable
                0x0000000008000ac6        0xa ./libopencm3/lib/libopencm3_stm32f1.a(i2c_common_v1.o)
                0x0000000008000ac6                i2c_peripheral_disable
 .text.i2c_send_start
                0x0000000008000ad0        0xa ./libopencm3/lib/libopencm3_stm32f1.a(i2c_common_v1.o)
                0x0000000008000ad0                i2c_send_start
 .text.i2c_send_stop
                0x0000000008000ada        0xa ./libopencm3/lib/libopencm3_stm32f1.a(i2c_common_v1.o)
                0x0000000008000ada                i2c_send_stop
 .text.i2c_set_clock_frequency
                0x0000000008000ae4        0xe ./libopencm3/lib/libopencm3_stm32f1.a(i2c_common_v1.o)
                0x0000000008000ae4                i2c_set_clock_frequency
 .text.i2c_send_data
                0x0000000008000af2        0x4 ./libopencm3/lib/libopencm3_stm32f1.a(i2c_common_v1.o)
                0x0000000008000af2                i2c_send_data
 .text.i2c_set_standard_mode
                0x0000000008000af6        0xa ./libopencm3/lib/libopencm3_stm32f1.a(i2c_common_v1.o)
                0x0000000008000af6                i2c_set_standard_mode
 .text.i2c_set_ccr
                0x0000000008000b00        0xc ./libopencm3/lib/libopencm3_stm32f1.a(i2c_common_v1.o)
                0x0000000008000b00                i2c_set_ccr
 .text.i2c_set_trise
                0x0000000008000b0c        0x4 ./libopencm3/lib/libopencm3_stm32f1.a(i2c_common_v1.o)
                0x0000000008000b0c                i2c_set_trise
 .text.i2c_get_data
                0x0000000008000b10        0x6 ./libopencm3/lib/libopencm3_stm32f1.a(i2c_common_v1.o)
                0x0000000008000b10                i2c_get_data
 .text.i2c_disable_interrupt
                0x0000000008000b16        0xa ./libopencm3/lib/libopencm3_stm32f1.a(i2c_common_v1.o)
                0x0000000008000b16                i2c_disable_interrupt
 .text.i2c_enable_ack
                0x0000000008000b20        0xa ./libopencm3/lib/libopencm3_stm32f1.a(i2c_common_v1.o)
                0x0000000008000b20                i2c_enable_ack
 .text.i2c_nack_current
                0x0000000008000b2a        0xa ./libopencm3/lib/libopencm3_stm32f1.a(i2c_common_v1.o)
                0x0000000008000b2a                i2c_nack_current
 .text.rcc_periph_clock_enable
                0x0000000008000b34       0x1a ./libopencm3/lib/libopencm3_stm32f1.a(rcc_common_all.o)
                0x0000000008000b34                rcc_periph_clock_enable
 *fill*         0x0000000008000b4e        0x2 
 .text.flash_set_ws
                0x0000000008000b50       0x14 ./libopencm3/lib/libopencm3_stm32f1.a(flash_common_f01.o)
                0x0000000008000b50                flash_set_ws
 .text.usbd_init
                0x0000000008000b64       0x58 ./libopencm3/lib/libopencm3_stm32f1.a(usb.o)
                0x0000000008000b64                usbd_init
 .text.usbd_poll
                0x0000000008000bbc        0x8 ./libopencm3/lib/libopencm3_stm32f1.a(usb.o)
                0x0000000008000bbc                usbd_poll
 .text.usbd_ep_setup
                0x0000000008000bc4       0x10 ./libopencm3/lib/libopencm3_stm32f1.a(usb.o)
                0x0000000008000bc4                usbd_ep_setup
 .text._usbd_reset
                0x0000000008000bd4       0x34 ./libopencm3/lib/libopencm3_stm32f1.a(usb.o)
                0x0000000008000bd4                _usbd_reset
 .text.usbd_ep_write_packet
                0x0000000008000c08       0x10 ./libopencm3/lib/libopencm3_stm32f1.a(usb.o)
                0x0000000008000c08                usbd_ep_write_packet
 .text.usbd_ep_read_packet
                0x0000000008000c18       0x10 ./libopencm3/lib/libopencm3_stm32f1.a(usb.o)
                0x0000000008000c18                usbd_ep_read_packet
 .text.usbd_ep_stall_set
                0x0000000008000c28        0x8 ./libopencm3/lib/libopencm3_stm32f1.a(usb.o)
                0x0000000008000c28                usbd_ep_stall_set
 .text.usbd_ep_stall_get
                0x0000000008000c30        0x8 ./libopencm3/lib/libopencm3_stm32f1.a(usb.o)
                0x0000000008000c30                usbd_ep_stall_get
 .text.stall_transaction
                0x0000000008000c38       0x14 ./libopencm3/lib/libopencm3_stm32f1.a(usb_control.o)
 .text.usb_control_recv_chunk
                0x0000000008000c4c       0x3a ./libopencm3/lib/libopencm3_stm32f1.a(usb_control.o)
 .text.usb_control_send_chunk
                0x0000000008000c86       0x52 ./libopencm3/lib/libopencm3_stm32f1.a(usb_control.o)
 .text.usb_control_request_dispatch
                0x0000000008000cd8       0x5c ./libopencm3/lib/libopencm3_stm32f1.a(usb_control.o)
 .text.usb_control_setup_read
                0x0000000008000d34       0x66 ./libopencm3/lib/libopencm3_stm32f1.a(usb_control.o)
 .text.usbd_register_control_callback
                0x0000000008000d9a       0x26 ./libopencm3/lib/libopencm3_stm32f1.a(usb_control.o)
                0x0000000008000d9a                usbd_register_control_callback
 .text._usbd_control_setup
                0x0000000008000dc0       0x5a ./libopencm3/lib/libopencm3_stm32f1.a(usb_control.o)
                0x0000000008000dc0                _usbd_control_setup
 .text._usbd_control_out
                0x0000000008000e1a       0x86 ./libopencm3/lib/libopencm3_stm32f1.a(usb_control.o)
                0x0000000008000e1a                _usbd_control_out
 .text._usbd_control_in
                0x0000000008000ea0       0x56 ./libopencm3/lib/libopencm3_stm32f1.a(usb_control.o)
                0x0000000008000ea0                _usbd_control_in
 .text.usb_standard_set_configuration
                0x0000000008000ef6       0x92 ./libopencm3/lib/libopencm3_stm32f1.a(usb_standard.o)
 .text.usb_standard_get_configuration
                0x0000000008000f88       0x22 ./libopencm3/lib/libopencm3_stm32f1.a(usb_standard.o)
 .text.usb_standard_get_interface
                0x0000000008000faa       0x34 ./libopencm3/lib/libopencm3_stm32f1.a(usb_standard.o)
 .text.usb_standard_device_get_status
                0x0000000008000fde       0x18 ./libopencm3/lib/libopencm3_stm32f1.a(usb_standard.o)
 .text.usb_standard_interface_get_status
                0x0000000008000ff6       0x18 ./libopencm3/lib/libopencm3_stm32f1.a(usb_standard.o)
 .text.usb_standard_endpoint_get_status
                0x000000000800100e       0x2a ./libopencm3/lib/libopencm3_stm32f1.a(usb_standard.o)
 .text.usb_standard_endpoint_stall
                0x0000000008001038       0x10 ./libopencm3/lib/libopencm3_stm32f1.a(usb_standard.o)
 .text.usb_standard_endpoint_unstall
                0x0000000008001048       0x10 ./libopencm3/lib/libopencm3_stm32f1.a(usb_standard.o)
 .text.usb_standard_set_address
                0x0000000008001058       0x2a ./libopencm3/lib/libopencm3_stm32f1.a(usb_standard.o)
 .text.usb_standard_set_interface
                0x0000000008001082       0x4c ./libopencm3/lib/libopencm3_stm32f1.a(usb_standard.o)
 .text.usb_standard_get_descriptor
                0x00000000080010ce      0x25e ./libopencm3/lib/libopencm3_stm32f1.a(usb_standard.o)
 .text.usbd_register_set_config_callback
                0x000000000800132c       0x24 ./libopencm3/lib/libopencm3_stm32f1.a(usb_standard.o)
                0x000000000800132c                usbd_register_set_config_callback
 .text._usbd_standard_request_device
                0x0000000008001350       0x20 ./libopencm3/lib/libopencm3_stm32f1.a(usb_standard.o)
                0x0000000008001350                _usbd_standard_request_device
 .text._usbd_standard_request_interface
                0x0000000008001370       0x20 ./libopencm3/lib/libopencm3_stm32f1.a(usb_standard.o)
                0x0000000008001370                _usbd_standard_request_interface
 .text._usbd_standard_request_endpoint
                0x0000000008001390       0x3c ./libopencm3/lib/libopencm3_stm32f1.a(usb_standard.o)
                0x0000000008001390                _usbd_standard_request_endpoint
 .text._usbd_standard_request
                0x00000000080013cc       0x34 ./libopencm3/lib/libopencm3_stm32f1.a(usb_standard.o)
                0x00000000080013cc                _usbd_standard_request
 .text.stm32f107_usbd_init
                0x0000000008001400       0xd0 ./libopencm3/lib/libopencm3_stm32f1.a(usb_f107.o)
 .text.blocking_handler
                0x00000000080014d0        0x2 ./libopencm3/lib/libopencm3_stm32f1.a(vector.o)
                0x00000000080014d0                usart3_isr
                0x00000000080014d0                rtc_isr
                0x00000000080014d0                tim7_isr
                0x00000000080014d0                adc1_2_isr
                0x00000000080014d0                tim1_trg_com_isr
                0x00000000080014d0                usb_hp_can_tx_isr
                0x00000000080014d0                tim6_isr
                0x00000000080014d0                usb_wakeup_isr
                0x00000000080014d0                blocking_handler
                0x00000000080014d0                tim5_isr
                0x00000000080014d0                otg_fs_isr
                0x00000000080014d0                spi1_isr
                0x00000000080014d0                dma1_channel6_isr
                0x00000000080014d0                exti2_isr
                0x00000000080014d0                can_rx1_isr
                0x00000000080014d0                dma1_channel5_isr
                0x00000000080014d0                dma2_channel5_isr
                0x00000000080014d0                usart1_isr
                0x00000000080014d0                usage_fault_handler
                0x00000000080014d0                tim8_trg_com_isr
                0x00000000080014d0                can2_rx0_isr
                0x00000000080014d0                tim1_brk_isr
                0x00000000080014d0                can2_rx1_isr
                0x00000000080014d0                tim1_cc_isr
                0x00000000080014d0                sdio_isr
                0x00000000080014d0                eth_isr
                0x00000000080014d0                dma1_channel4_isr
                0x00000000080014d0                tim8_brk_isr
                0x00000000080014d0                dma2_channel4_5_isr
                0x00000000080014d0                pvd_isr
                0x00000000080014d0                rcc_isr
                0x00000000080014d0                flash_isr
                0x00000000080014d0                uart4_isr
                0x00000000080014d0                rtc_alarm_isr
                0x00000000080014d0                exti15_10_isr
                0x00000000080014d0                hard_fault_handler
                0x00000000080014d0                exti1_isr
                0x00000000080014d0                dma2_channel1_isr
                0x00000000080014d0                spi2_isr
                0x00000000080014d0                tim8_up_isr
                0x00000000080014d0                dma2_channel2_isr
                0x00000000080014d0                adc3_isr
                0x00000000080014d0                exti3_isr
                0x00000000080014d0                tim3_isr
                0x00000000080014d0                usart2_isr
                0x00000000080014d0                usb_lp_can_rx0_isr
                0x00000000080014d0                i2c2_er_isr
                0x00000000080014d0                i2c2_ev_isr
                0x00000000080014d0                uart5_isr
                0x00000000080014d0                fsmc_isr
                0x00000000080014d0                dma1_channel1_isr
                0x00000000080014d0                exti4_isr
                0x00000000080014d0                mem_manage_handler
                0x00000000080014d0                can2_tx_isr
                0x00000000080014d0                exti9_5_isr
                0x00000000080014d0                dma2_channel3_isr
                0x00000000080014d0                dma1_channel7_isr
                0x00000000080014d0                tim1_up_isr
                0x00000000080014d0                can2_sce_isr
                0x00000000080014d0                tim4_isr
                0x00000000080014d0                dma1_channel2_isr
                0x00000000080014d0                can_sce_isr
                0x00000000080014d0                tim8_cc_isr
                0x00000000080014d0                tamper_isr
                0x00000000080014d0                eth_wkup_isr
                0x00000000080014d0                bus_fault_handler
                0x00000000080014d0                wwdg_isr
                0x00000000080014d0                dma1_channel3_isr
                0x00000000080014d0                spi3_isr
                0x00000000080014d0                tim2_isr
                0x00000000080014d0                exti0_isr
 .text.null_handler
                0x00000000080014d2        0x2 ./libopencm3/lib/libopencm3_stm32f1.a(vector.o)
                0x00000000080014d2                null_handler
                0x00000000080014d2                sv_call_handler
                0x00000000080014d2                pend_sv_handler
                0x00000000080014d2                debug_monitor_handler
                0x00000000080014d2                sys_tick_handler
                0x00000000080014d2                nmi_handler
 .text.reset_handler
                0x00000000080014d4       0x90 ./libopencm3/lib/libopencm3_stm32f1.a(vector.o)
                0x00000000080014d4                reset_handler
 .text.stm32fx07_set_address
                0x0000000008001564       0x18 ./libopencm3/lib/libopencm3_stm32f1.a(usb_fx07_common.o)
                0x0000000008001564                stm32fx07_set_address
 .text.stm32fx07_ep_setup
                0x000000000800157c      0x142 ./libopencm3/lib/libopencm3_stm32f1.a(usb_fx07_common.o)
                0x000000000800157c                stm32fx07_ep_setup
 .text.stm32fx07_endpoints_reset
                0x00000000080016be       0x48 ./libopencm3/lib/libopencm3_stm32f1.a(usb_fx07_common.o)
                0x00000000080016be                stm32fx07_endpoints_reset
 .text.stm32fx07_ep_stall_set
                0x0000000008001706       0x4e ./libopencm3/lib/libopencm3_stm32f1.a(usb_fx07_common.o)
                0x0000000008001706                stm32fx07_ep_stall_set
 .text.stm32fx07_ep_stall_get
                0x0000000008001754       0x1e ./libopencm3/lib/libopencm3_stm32f1.a(usb_fx07_common.o)
                0x0000000008001754                stm32fx07_ep_stall_get
 .text.stm32fx07_ep_nak_set
                0x0000000008001772       0x2a ./libopencm3/lib/libopencm3_stm32f1.a(usb_fx07_common.o)
                0x0000000008001772                stm32fx07_ep_nak_set
 .text.stm32fx07_ep_write_packet
                0x000000000800179c       0x4c ./libopencm3/lib/libopencm3_stm32f1.a(usb_fx07_common.o)
                0x000000000800179c                stm32fx07_ep_write_packet
 .text.stm32fx07_ep_read_packet
                0x00000000080017e8       0x60 ./libopencm3/lib/libopencm3_stm32f1.a(usb_fx07_common.o)
                0x00000000080017e8                stm32fx07_ep_read_packet
 .text.stm32fx07_poll
                0x0000000008001848      0x1bc ./libopencm3/lib/libopencm3_stm32f1.a(usb_fx07_common.o)
                0x0000000008001848                stm32fx07_poll
 .text.stm32fx07_disconnect
                0x0000000008001a04       0x1c ./libopencm3/lib/libopencm3_stm32f1.a(usb_fx07_common.o)
                0x0000000008001a04                stm32fx07_disconnect
 .text.malloc   0x0000000008001a20       0x10 /opt/gcc-arm-none-eabi-6-2017-q1-update/bin/../lib/gcc/arm-none-eabi/6.3.1/../../../../arm-none-eabi/lib/thumb/v7-m/libc.a(lib_a-malloc.o)
                0x0000000008001a20                malloc
 .text._malloc_r
                0x0000000008001a30      0x544 /opt/gcc-arm-none-eabi-6-2017-q1-update/bin/../lib/gcc/arm-none-eabi/6.3.1/../../../../arm-none-eabi/lib/thumb/v7-m/libc.a(lib_a-mallocr.o)
                0x0000000008001a30                _malloc_r
 .text          0x0000000008001f74       0xec /opt/gcc-arm-none-eabi-6-2017-q1-update/bin/../lib/gcc/arm-none-eabi/6.3.1/../../../../arm-none-eabi/lib/thumb/v7-m/libc.a(lib_a-memcpy.o)
                0x0000000008001f74                memcpy
 .text.__malloc_lock
                0x0000000008002060        0xc /opt/gcc-arm-none-eabi-6-2017-q1-update/bin/../lib/gcc/arm-none-eabi/6.3.1/../../../../arm-none-eabi/lib/thumb/v7-m/libc.a(lib_a-mlock.o)
                0x0000000008002060                __malloc_lock
 .text.__malloc_unlock
                0x000000000800206c        0xc /opt/gcc-arm-none-eabi-6-2017-q1-update/bin/../lib/gcc/arm-none-eabi/6.3.1/../../../../arm-none-eabi/lib/thumb/v7-m/libc.a(lib_a-mlock.o)
                0x000000000800206c                __malloc_unlock
 .text.printf   0x0000000008002078       0x28 /opt/gcc-arm-none-eabi-6-2017-q1-update/bin/../lib/gcc/arm-none-eabi/6.3.1/../../../../arm-none-eabi/lib/thumb/v7-m/libc.a(lib_a-printf.o)
                0x0000000008002078                printf
 .text._sbrk_r  0x00000000080020a0       0x24 /opt/gcc-arm-none-eabi-6-2017-q1-update/bin/../lib/gcc/arm-none-eabi/6.3.1/../../../../arm-none-eabi/lib/thumb/v7-m/libc.a(lib_a-sbrkr.o)
                0x00000000080020a0                _sbrk_r
 .text.strlen   0x00000000080020c4       0x5c /opt/gcc-arm-none-eabi-6-2017-q1-update/bin/../lib/gcc/arm-none-eabi/6.3.1/../../../../arm-none-eabi/lib/thumb/v7-m/libc.a(lib_a-strlen-stub.o)
                0x00000000080020c4                strlen
 .text._vfprintf_r
                0x0000000008002120     0x15e4 /opt/gcc-arm-none-eabi-6-2017-q1-update/bin/../lib/gcc/arm-none-eabi/6.3.1/../../../../arm-none-eabi/lib/thumb/v7-m/libc.a(lib_a-vfprintf.o)
                0x0000000008002120                _vfprintf_r
 .text.__sbprintf
                0x0000000008003704       0x88 /opt/gcc-arm-none-eabi-6-2017-q1-update/bin/../lib/gcc/arm-none-eabi/6.3.1/../../../../arm-none-eabi/lib/thumb/v7-m/libc.a(lib_a-vfprintf.o)
 .text.__swsetup_r
                0x000000000800378c       0xc8 /opt/gcc-arm-none-eabi-6-2017-q1-update/bin/../lib/gcc/arm-none-eabi/6.3.1/../../../../arm-none-eabi/lib/thumb/v7-m/libc.a(lib_a-wsetup.o)
                0x000000000800378c                __swsetup_r
 .text.quorem   0x0000000008003854      0x128 /opt/gcc-arm-none-eabi-6-2017-q1-update/bin/../lib/gcc/arm-none-eabi/6.3.1/../../../../arm-none-eabi/lib/thumb/v7-m/libc.a(lib_a-dtoa.o)
 *fill*         0x000000000800397c        0x4 
 .text._dtoa_r  0x0000000008003980      0xe44 /opt/gcc-arm-none-eabi-6-2017-q1-update/bin/../lib/gcc/arm-none-eabi/6.3.1/../../../../arm-none-eabi/lib/thumb/v7-m/libc.a(lib_a-dtoa.o)
                0x0000000008003980                _dtoa_r
 .text.__sflush_r
                0x00000000080047c4      0x138 /opt/gcc-arm-none-eabi-6-2017-q1-update/bin/../lib/gcc/arm-none-eabi/6.3.1/../../../../arm-none-eabi/lib/thumb/v7-m/libc.a(lib_a-fflush.o)
                0x00000000080047c4                __sflush_r
 .text._fflush_r
                0x00000000080048fc       0x54 /opt/gcc-arm-none-eabi-6-2017-q1-update/bin/../lib/gcc/arm-none-eabi/6.3.1/../../../../arm-none-eabi/lib/thumb/v7-m/libc.a(lib_a-fflush.o)
                0x00000000080048fc                _fflush_r
 .text._cleanup_r
                0x0000000008004950        0xc /opt/gcc-arm-none-eabi-6-2017-q1-update/bin/../lib/gcc/arm-none-eabi/6.3.1/../../../../arm-none-eabi/lib/thumb/v7-m/libc.a(lib_a-findfp.o)
                0x0000000008004950                _cleanup_r
 .text.std.isra.0
                0x000000000800495c       0x50 /opt/gcc-arm-none-eabi-6-2017-q1-update/bin/../lib/gcc/arm-none-eabi/6.3.1/../../../../arm-none-eabi/lib/thumb/v7-m/libc.a(lib_a-findfp.o)
 .text.__sinit  0x00000000080049ac       0x60 /opt/gcc-arm-none-eabi-6-2017-q1-update/bin/../lib/gcc/arm-none-eabi/6.3.1/../../../../arm-none-eabi/lib/thumb/v7-m/libc.a(lib_a-findfp.o)
                0x00000000080049ac                __sinit
 .text.__sfp_lock_acquire
                0x0000000008004a0c        0xc /opt/gcc-arm-none-eabi-6-2017-q1-update/bin/../lib/gcc/arm-none-eabi/6.3.1/../../../../arm-none-eabi/lib/thumb/v7-m/libc.a(lib_a-findfp.o)
                0x0000000008004a0c                __sfp_lock_acquire
 .text.__sfp_lock_release
                0x0000000008004a18        0xc /opt/gcc-arm-none-eabi-6-2017-q1-update/bin/../lib/gcc/arm-none-eabi/6.3.1/../../../../arm-none-eabi/lib/thumb/v7-m/libc.a(lib_a-findfp.o)
                0x0000000008004a18                __sfp_lock_release
 .text._malloc_trim_r
                0x0000000008004a24       0xa0 /opt/gcc-arm-none-eabi-6-2017-q1-update/bin/../lib/gcc/arm-none-eabi/6.3.1/../../../../arm-none-eabi/lib/thumb/v7-m/libc.a(lib_a-freer.o)
                0x0000000008004a24                _malloc_trim_r
 .text._free_r  0x0000000008004ac4      0x1cc /opt/gcc-arm-none-eabi-6-2017-q1-update/bin/../lib/gcc/arm-none-eabi/6.3.1/../../../../arm-none-eabi/lib/thumb/v7-m/libc.a(lib_a-freer.o)
                0x0000000008004ac4                _free_r
 .text._fwalk_reent
                0x0000000008004c90       0x50 /opt/gcc-arm-none-eabi-6-2017-q1-update/bin/../lib/gcc/arm-none-eabi/6.3.1/../../../../arm-none-eabi/lib/thumb/v7-m/libc.a(lib_a-fwalk.o)
                0x0000000008004c90                _fwalk_reent
 .text._localeconv_r
                0x0000000008004ce0       0x1c /opt/gcc-arm-none-eabi-6-2017-q1-update/bin/../lib/gcc/arm-none-eabi/6.3.1/../../../../arm-none-eabi/lib/thumb/v7-m/libc.a(lib_a-localeconv.o)
                0x0000000008004ce0                _localeconv_r
 .text.__retarget_lock_init_recursive
                0x0000000008004cfc        0x4 /opt/gcc-arm-none-eabi-6-2017-q1-update/bin/../lib/gcc/arm-none-eabi/6.3.1/../../../../arm-none-eabi/lib/thumb/v7-m/libc.a(lib_a-lock.o)
                0x0000000008004cfc                __retarget_lock_init_recursive
 .text.__retarget_lock_close_recursive
                0x0000000008004d00        0x4 /opt/gcc-arm-none-eabi-6-2017-q1-update/bin/../lib/gcc/arm-none-eabi/6.3.1/../../../../arm-none-eabi/lib/thumb/v7-m/libc.a(lib_a-lock.o)
                0x0000000008004d00                __retarget_lock_close_recursive
 .text.__retarget_lock_acquire_recursive
                0x0000000008004d04        0x4 /opt/gcc-arm-none-eabi-6-2017-q1-update/bin/../lib/gcc/arm-none-eabi/6.3.1/../../../../arm-none-eabi/lib/thumb/v7-m/libc.a(lib_a-lock.o)
                0x0000000008004d04                __retarget_lock_acquire_recursive
 .text.__retarget_lock_release_recursive
                0x0000000008004d08        0x4 /opt/gcc-arm-none-eabi-6-2017-q1-update/bin/../lib/gcc/arm-none-eabi/6.3.1/../../../../arm-none-eabi/lib/thumb/v7-m/libc.a(lib_a-lock.o)
                0x0000000008004d08                __retarget_lock_release_recursive
 .text.__swhatbuf_r
                0x0000000008004d0c       0x5c /opt/gcc-arm-none-eabi-6-2017-q1-update/bin/../lib/gcc/arm-none-eabi/6.3.1/../../../../arm-none-eabi/lib/thumb/v7-m/libc.a(lib_a-makebuf.o)
                0x0000000008004d0c                __swhatbuf_r
 .text.__smakebuf_r
                0x0000000008004d68       0x94 /opt/gcc-arm-none-eabi-6-2017-q1-update/bin/../lib/gcc/arm-none-eabi/6.3.1/../../../../arm-none-eabi/lib/thumb/v7-m/libc.a(lib_a-makebuf.o)
                0x0000000008004d68                __smakebuf_r
 .text.memchr   0x0000000008004dfc       0x8c /opt/gcc-arm-none-eabi-6-2017-q1-update/bin/../lib/gcc/arm-none-eabi/6.3.1/../../../../arm-none-eabi/lib/thumb/v7-m/libc.a(lib_a-memchr-stub.o)
                0x0000000008004dfc                memchr
 .text.memset   0x0000000008004e88       0x9c /opt/gcc-arm-none-eabi-6-2017-q1-update/bin/../lib/gcc/arm-none-eabi/6.3.1/../../../../arm-none-eabi/lib/thumb/v7-m/libc.a(lib_a-memset.o)
                0x0000000008004e88                memset
 .text._Balloc  0x0000000008004f24       0x4c /opt/gcc-arm-none-eabi-6-2017-q1-update/bin/../lib/gcc/arm-none-eabi/6.3.1/../../../../arm-none-eabi/lib/thumb/v7-m/libc.a(lib_a-mprec.o)
                0x0000000008004f24                _Balloc
 .text._Bfree   0x0000000008004f70       0x14 /opt/gcc-arm-none-eabi-6-2017-q1-update/bin/../lib/gcc/arm-none-eabi/6.3.1/../../../../arm-none-eabi/lib/thumb/v7-m/libc.a(lib_a-mprec.o)
                0x0000000008004f70                _Bfree
 .text.__multadd
                0x0000000008004f84       0x84 /opt/gcc-arm-none-eabi-6-2017-q1-update/bin/../lib/gcc/arm-none-eabi/6.3.1/../../../../arm-none-eabi/lib/thumb/v7-m/libc.a(lib_a-mprec.o)
                0x0000000008004f84                __multadd
 .text.__hi0bits
                0x0000000008005008       0x40 /opt/gcc-arm-none-eabi-6-2017-q1-update/bin/../lib/gcc/arm-none-eabi/6.3.1/../../../../arm-none-eabi/lib/thumb/v7-m/libc.a(lib_a-mprec.o)
                0x0000000008005008                __hi0bits
 .text.__lo0bits
                0x0000000008005048       0x60 /opt/gcc-arm-none-eabi-6-2017-q1-update/bin/../lib/gcc/arm-none-eabi/6.3.1/../../../../arm-none-eabi/lib/thumb/v7-m/libc.a(lib_a-mprec.o)
                0x0000000008005048                __lo0bits
 .text.__i2b    0x00000000080050a8       0x14 /opt/gcc-arm-none-eabi-6-2017-q1-update/bin/../lib/gcc/arm-none-eabi/6.3.1/../../../../arm-none-eabi/lib/thumb/v7-m/libc.a(lib_a-mprec.o)
                0x00000000080050a8                __i2b
 .text.__multiply
                0x00000000080050bc      0x124 /opt/gcc-arm-none-eabi-6-2017-q1-update/bin/../lib/gcc/arm-none-eabi/6.3.1/../../../../arm-none-eabi/lib/thumb/v7-m/libc.a(lib_a-mprec.o)
                0x00000000080050bc                __multiply
 .text.__pow5mult
                0x00000000080051e0       0xa0 /opt/gcc-arm-none-eabi-6-2017-q1-update/bin/../lib/gcc/arm-none-eabi/6.3.1/../../../../arm-none-eabi/lib/thumb/v7-m/libc.a(lib_a-mprec.o)
                0x00000000080051e0                __pow5mult
 .text.__lshift
                0x0000000008005280       0xa0 /opt/gcc-arm-none-eabi-6-2017-q1-update/bin/../lib/gcc/arm-none-eabi/6.3.1/../../../../arm-none-eabi/lib/thumb/v7-m/libc.a(lib_a-mprec.o)
                0x0000000008005280                __lshift
 .text.__mcmp   0x0000000008005320       0x38 /opt/gcc-arm-none-eabi-6-2017-q1-update/bin/../lib/gcc/arm-none-eabi/6.3.1/../../../../arm-none-eabi/lib/thumb/v7-m/libc.a(lib_a-mprec.o)
                0x0000000008005320                __mcmp
 .text.__mdiff  0x0000000008005358      0x11c /opt/gcc-arm-none-eabi-6-2017-q1-update/bin/../lib/gcc/arm-none-eabi/6.3.1/../../../../arm-none-eabi/lib/thumb/v7-m/libc.a(lib_a-mprec.o)
                0x0000000008005358                __mdiff
 .text.__d2b    0x0000000008005474       0xa8 /opt/gcc-arm-none-eabi-6-2017-q1-update/bin/../lib/gcc/arm-none-eabi/6.3.1/../../../../arm-none-eabi/lib/thumb/v7-m/libc.a(lib_a-mprec.o)
                0x0000000008005474                __d2b
 .text.__sread  0x000000000800551c       0x24 /opt/gcc-arm-none-eabi-6-2017-q1-update/bin/../lib/gcc/arm-none-eabi/6.3.1/../../../../arm-none-eabi/lib/thumb/v7-m/libc.a(lib_a-stdio.o)
                0x000000000800551c                __sread
 .text.__swrite
                0x0000000008005540       0x3c /opt/gcc-arm-none-eabi-6-2017-q1-update/bin/../lib/gcc/arm-none-eabi/6.3.1/../../../../arm-none-eabi/lib/thumb/v7-m/libc.a(lib_a-stdio.o)
                0x0000000008005540                __swrite
 .text.__sseek  0x000000000800557c       0x20 /opt/gcc-arm-none-eabi-6-2017-q1-update/bin/../lib/gcc/arm-none-eabi/6.3.1/../../../../arm-none-eabi/lib/thumb/v7-m/libc.a(lib_a-stdio.o)
                0x000000000800557c                __sseek
 .text.__sclose
                0x000000000800559c        0x8 /opt/gcc-arm-none-eabi-6-2017-q1-update/bin/../lib/gcc/arm-none-eabi/6.3.1/../../../../arm-none-eabi/lib/thumb/v7-m/libc.a(lib_a-stdio.o)
                0x000000000800559c                __sclose
 .text.__sprint_r.part.0
                0x00000000080055a4       0x80 /opt/gcc-arm-none-eabi-6-2017-q1-update/bin/../lib/gcc/arm-none-eabi/6.3.1/../../../../arm-none-eabi/lib/thumb/v7-m/libc.a(lib_a-vfiprintf.o)
 .text.__sprint_r
                0x0000000008005624       0x14 /opt/gcc-arm-none-eabi-6-2017-q1-update/bin/../lib/gcc/arm-none-eabi/6.3.1/../../../../arm-none-eabi/lib/thumb/v7-m/libc.a(lib_a-vfiprintf.o)
                0x0000000008005624                __sprint_r
 .text._write_r
                0x0000000008005638       0x2c /opt/gcc-arm-none-eabi-6-2017-q1-update/bin/../lib/gcc/arm-none-eabi/6.3.1/../../../../arm-none-eabi/lib/thumb/v7-m/libc.a(lib_a-writer.o)
                0x0000000008005638                _write_r
 .text._calloc_r
                0x0000000008005664       0x60 /opt/gcc-arm-none-eabi-6-2017-q1-update/bin/../lib/gcc/arm-none-eabi/6.3.1/../../../../arm-none-eabi/lib/thumb/v7-m/libc.a(lib_a-callocr.o)
                0x0000000008005664                _calloc_r
 .text._close_r
                0x00000000080056c4       0x24 /opt/gcc-arm-none-eabi-6-2017-q1-update/bin/../lib/gcc/arm-none-eabi/6.3.1/../../../../arm-none-eabi/lib/thumb/v7-m/libc.a(lib_a-closer.o)
                0x00000000080056c4                _close_r
 .text._fclose_r
                0x00000000080056e8       0xc4 /opt/gcc-arm-none-eabi-6-2017-q1-update/bin/../lib/gcc/arm-none-eabi/6.3.1/../../../../arm-none-eabi/lib/thumb/v7-m/libc.a(lib_a-fclose.o)
                0x00000000080056e8                _fclose_r
 .text.__fputwc
                0x00000000080057ac       0x98 /opt/gcc-arm-none-eabi-6-2017-q1-update/bin/../lib/gcc/arm-none-eabi/6.3.1/../../../../arm-none-eabi/lib/thumb/v7-m/libc.a(lib_a-fputwc.o)
                0x00000000080057ac                __fputwc
 .text._fputwc_r
                0x0000000008005844       0x68 /opt/gcc-arm-none-eabi-6-2017-q1-update/bin/../lib/gcc/arm-none-eabi/6.3.1/../../../../arm-none-eabi/lib/thumb/v7-m/libc.a(lib_a-fputwc.o)
                0x0000000008005844                _fputwc_r
 .text._fstat_r
                0x00000000080058ac       0x28 /opt/gcc-arm-none-eabi-6-2017-q1-update/bin/../lib/gcc/arm-none-eabi/6.3.1/../../../../arm-none-eabi/lib/thumb/v7-m/libc.a(lib_a-fstatr.o)
                0x00000000080058ac                _fstat_r
 .text.__sfvwrite_r
                0x00000000080058d4      0x2f4 /opt/gcc-arm-none-eabi-6-2017-q1-update/bin/../lib/gcc/arm-none-eabi/6.3.1/../../../../arm-none-eabi/lib/thumb/v7-m/libc.a(lib_a-fvwrite.o)
                0x00000000080058d4                __sfvwrite_r
 .text._isatty_r
                0x0000000008005bc8       0x24 /opt/gcc-arm-none-eabi-6-2017-q1-update/bin/../lib/gcc/arm-none-eabi/6.3.1/../../../../arm-none-eabi/lib/thumb/v7-m/libc.a(lib_a-isattyr.o)
                0x0000000008005bc8                _isatty_r
 .text.__locale_mb_cur_max
                0x0000000008005bec       0x1c /opt/gcc-arm-none-eabi-6-2017-q1-update/bin/../lib/gcc/arm-none-eabi/6.3.1/../../../../arm-none-eabi/lib/thumb/v7-m/libc.a(lib_a-locale.o)
                0x0000000008005bec                __locale_mb_cur_max
 .text._lseek_r
                0x0000000008005c08       0x2c /opt/gcc-arm-none-eabi-6-2017-q1-update/bin/../lib/gcc/arm-none-eabi/6.3.1/../../../../arm-none-eabi/lib/thumb/v7-m/libc.a(lib_a-lseekr.o)
                0x0000000008005c08                _lseek_r
 .text.__ascii_mbtowc
                0x0000000008005c34       0x2c /opt/gcc-arm-none-eabi-6-2017-q1-update/bin/../lib/gcc/arm-none-eabi/6.3.1/../../../../arm-none-eabi/lib/thumb/v7-m/libc.a(lib_a-mbtowc_r.o)
                0x0000000008005c34                __ascii_mbtowc
 .text.memmove  0x0000000008005c60       0xc8 /opt/gcc-arm-none-eabi-6-2017-q1-update/bin/../lib/gcc/arm-none-eabi/6.3.1/../../../../arm-none-eabi/lib/thumb/v7-m/libc.a(lib_a-memmove.o)
                0x0000000008005c60                memmove
 .text._read_r  0x0000000008005d28       0x2c /opt/gcc-arm-none-eabi-6-2017-q1-update/bin/../lib/gcc/arm-none-eabi/6.3.1/../../../../arm-none-eabi/lib/thumb/v7-m/libc.a(lib_a-readr.o)
                0x0000000008005d28                _read_r
 .text._realloc_r
                0x0000000008005d54      0x36c /opt/gcc-arm-none-eabi-6-2017-q1-update/bin/../lib/gcc/arm-none-eabi/6.3.1/../../../../arm-none-eabi/lib/thumb/v7-m/libc.a(lib_a-reallocr.o)
                0x0000000008005d54                _realloc_r
 .text.__swbuf_r
                0x00000000080060c0       0xb0 /opt/gcc-arm-none-eabi-6-2017-q1-update/bin/../lib/gcc/arm-none-eabi/6.3.1/../../../../arm-none-eabi/lib/thumb/v7-m/libc.a(lib_a-wbuf.o)
                0x00000000080060c0                __swbuf_r
 .text._wcrtomb_r
                0x0000000008006170       0x54 /opt/gcc-arm-none-eabi-6-2017-q1-update/bin/../lib/gcc/arm-none-eabi/6.3.1/../../../../arm-none-eabi/lib/thumb/v7-m/libc.a(lib_a-wcrtomb.o)
                0x0000000008006170                _wcrtomb_r
 .text.__ascii_wctomb
                0x00000000080061c4       0x18 /opt/gcc-arm-none-eabi-6-2017-q1-update/bin/../lib/gcc/arm-none-eabi/6.3.1/../../../../arm-none-eabi/lib/thumb/v7-m/libc.a(lib_a-wctomb_r.o)
                0x00000000080061c4                __ascii_wctomb
 .text          0x00000000080061dc      0x370 /opt/gcc-arm-none-eabi-6-2017-q1-update/bin/../lib/gcc/arm-none-eabi/6.3.1/thumb/v7-m/libgcc.a(_arm_addsubdf3.o)
                0x00000000080061dc                __aeabi_drsub
                0x00000000080061e4                __aeabi_dsub
                0x00000000080061e4                __subdf3
                0x00000000080061e8                __adddf3
                0x00000000080061e8                __aeabi_dadd
                0x0000000008006460                __aeabi_ui2d
                0x0000000008006460                __floatunsidf
                0x0000000008006480                __floatsidf
                0x0000000008006480                __aeabi_i2d
                0x00000000080064a4                __extendsfdf2
                0x00000000080064a4                __aeabi_f2d
                0x00000000080064e0                __aeabi_ul2d
                0x00000000080064e0                __floatundidf
                0x00000000080064f0                __floatdidf
                0x00000000080064f0                __aeabi_l2d
 .text          0x000000000800654c      0x424 /opt/gcc-arm-none-eabi-6-2017-q1-update/bin/../lib/gcc/arm-none-eabi/6.3.1/thumb/v7-m/libgcc.a(_arm_muldivdf3.o)
                0x000000000800654c                __aeabi_dmul
                0x000000000800654c                __muldf3
                0x00000000080067a0                __aeabi_ddiv
                0x00000000080067a0                __divdf3
 .text          0x0000000008006970      0x110 /opt/gcc-arm-none-eabi-6-2017-q1-update/bin/../lib/gcc/arm-none-eabi/6.3.1/thumb/v7-m/libgcc.a(_arm_cmpdf2.o)
                0x0000000008006970                __gtdf2
                0x0000000008006970                __gedf2
                0x0000000008006978                __ltdf2
                0x0000000008006978                __ledf2
                0x0000000008006980                __cmpdf2
                0x0000000008006980                __eqdf2
                0x0000000008006980                __nedf2
                0x00000000080069fc                __aeabi_cdrcmple
                0x0000000008006a0c                __aeabi_cdcmple
                0x0000000008006a0c                __aeabi_cdcmpeq
                0x0000000008006a1c                __aeabi_dcmpeq
                0x0000000008006a30                __aeabi_dcmplt
                0x0000000008006a44                __aeabi_dcmple
                0x0000000008006a58                __aeabi_dcmpge
                0x0000000008006a6c                __aeabi_dcmpgt
 .text          0x0000000008006a80       0x2c /opt/gcc-arm-none-eabi-6-2017-q1-update/bin/../lib/gcc/arm-none-eabi/6.3.1/thumb/v7-m/libgcc.a(_arm_unorddf2.o)
                0x0000000008006a80                __aeabi_dcmpun
                0x0000000008006a80                __unorddf2
 .text          0x0000000008006aac       0x50 /opt/gcc-arm-none-eabi-6-2017-q1-update/bin/../lib/gcc/arm-none-eabi/6.3.1/thumb/v7-m/libgcc.a(_arm_fixdfsi.o)
                0x0000000008006aac                __fixdfsi
                0x0000000008006aac                __aeabi_d2iz
 .text          0x0000000008006afc       0x30 /opt/gcc-arm-none-eabi-6-2017-q1-update/bin/../lib/gcc/arm-none-eabi/6.3.1/thumb/v7-m/libgcc.a(_aeabi_uldivmod.o)
                0x0000000008006afc                __aeabi_uldivmod
 .text          0x0000000008006b2c      0x2dc /opt/gcc-arm-none-eabi-6-2017-q1-update/bin/../lib/gcc/arm-none-eabi/6.3.1/thumb/v7-m/libgcc.a(_udivmoddi4.o)
                0x0000000008006b2c                __udivmoddi4
 .text          0x0000000008006e08        0x4 /opt/gcc-arm-none-eabi-6-2017-q1-update/bin/../lib/gcc/arm-none-eabi/6.3.1/thumb/v7-m/libgcc.a(_dvmd_tls.o)
                0x0000000008006e08                __aeabi_ldiv0
                0x0000000008006e08                __aeabi_idiv0
 .text._close   0x0000000008006e0c       0x10 /opt/gcc-arm-none-eabi-6-2017-q1-update/bin/../lib/gcc/arm-none-eabi/6.3.1/../../../../arm-none-eabi/lib/thumb/v7-m/libnosys.a(close.o)
                0x0000000008006e0c                _close
 .text._fstat   0x0000000008006e1c       0x10 /opt/gcc-arm-none-eabi-6-2017-q1-update/bin/../lib/gcc/arm-none-eabi/6.3.1/../../../../arm-none-eabi/lib/thumb/v7-m/libnosys.a(fstat.o)
                0x0000000008006e1c                _fstat
 .text._isatty  0x0000000008006e2c       0x10 /opt/gcc-arm-none-eabi-6-2017-q1-update/bin/../lib/gcc/arm-none-eabi/6.3.1/../../../../arm-none-eabi/lib/thumb/v7-m/libnosys.a(isatty.o)
                0x0000000008006e2c                _isatty
 .text._lseek   0x0000000008006e3c       0x10 /opt/gcc-arm-none-eabi-6-2017-q1-update/bin/../lib/gcc/arm-none-eabi/6.3.1/../../../../arm-none-eabi/lib/thumb/v7-m/libnosys.a(lseek.o)
                0x0000000008006e3c                _lseek
 .text._read    0x0000000008006e4c       0x10 /opt/gcc-arm-none-eabi-6-2017-q1-update/bin/../lib/gcc/arm-none-eabi/6.3.1/../../../../arm-none-eabi/lib/thumb/v7-m/libnosys.a(read.o)
                0x0000000008006e4c                _read
 .text._sbrk    0x0000000008006e5c       0x1c /opt/gcc-arm-none-eabi-6-2017-q1-update/bin/../lib/gcc/arm-none-eabi/6.3.1/../../../../arm-none-eabi/lib/thumb/v7-m/libnosys.a(sbrk.o)
                0x0000000008006e5c                _sbrk
 .text._write   0x0000000008006e78       0x10 /opt/gcc-arm-none-eabi-6-2017-q1-update/bin/../lib/gcc/arm-none-eabi/6.3.1/../../../../arm-none-eabi/lib/thumb/v7-m/libnosys.a(write.o)
                0x0000000008006e78                _write
                0x0000000008006e88                . = ALIGN (0x4)
 *(.rodata*)
 .rodata.bulk_endp
                0x0000000008006e88       0x2d usb_slave.o
 .rodata.bulk_iface
                0x0000000008006eb5       0x15 usb_slave.o
 .rodata.config
                0x0000000008006eca        0xd usb_slave.o
 .rodata.dev    0x0000000008006ed7       0x12 usb_slave.o
 .rodata.ep1_data_rx_cb.str1.1
                0x0000000008006ee9       0xf6 usb_slave.o
 .rodata.ep3_int_rx_cb.str1.1
                0x0000000008006fdf        0xe usb_slave.o
 *fill*         0x0000000008006fed        0x3 
 .rodata.ifaces
                0x0000000008006ff0       0x20 usb_slave.o
 .rodata.int_endp
                0x0000000008007010        0xf usb_slave.o
 .rodata.int_iface
                0x000000000800701f       0x15 usb_slave.o
 .rodata.str1.1
                0x0000000008007034       0x27 usb_slave.o
 *fill*         0x000000000800705b        0x1 
 .rodata.CSWTCH.24
                0x000000000800705c       0x28 ./libopencm3/lib/libopencm3_stm32f1.a(usb_standard.o)
 .rodata.CSWTCH.26
                0x0000000008007084       0x30 ./libopencm3/lib/libopencm3_stm32f1.a(usb_standard.o)
 .rodata.stm32f107_usb_driver
                0x00000000080070b4       0x34 ./libopencm3/lib/libopencm3_stm32f1.a(usb_f107.o)
                0x00000000080070b4                stm32f107_usb_driver
 .rodata._vfprintf_r.str1.4
                0x00000000080070e8       0x42 /opt/gcc-arm-none-eabi-6-2017-q1-update/bin/../lib/gcc/arm-none-eabi/6.3.1/../../../../arm-none-eabi/lib/thumb/v7-m/libc.a(lib_a-vfprintf.o)
 *fill*         0x000000000800712a        0x2 
 .rodata.blanks.7243
                0x000000000800712c       0x10 /opt/gcc-arm-none-eabi-6-2017-q1-update/bin/../lib/gcc/arm-none-eabi/6.3.1/../../../../arm-none-eabi/lib/thumb/v7-m/libc.a(lib_a-vfprintf.o)
 .rodata.zeroes.7244
                0x000000000800713c       0x10 /opt/gcc-arm-none-eabi-6-2017-q1-update/bin/../lib/gcc/arm-none-eabi/6.3.1/../../../../arm-none-eabi/lib/thumb/v7-m/libc.a(lib_a-vfprintf.o)
 .rodata._dtoa_r.str1.4
                0x000000000800714c       0x10 /opt/gcc-arm-none-eabi-6-2017-q1-update/bin/../lib/gcc/arm-none-eabi/6.3.1/../../../../arm-none-eabi/lib/thumb/v7-m/libc.a(lib_a-dtoa.o)
                                         0x12 (size before relaxing)
 *fill*         0x000000000800715c        0x4 
 .rodata.__mprec_bigtens
                0x0000000008007160       0x28 /opt/gcc-arm-none-eabi-6-2017-q1-update/bin/../lib/gcc/arm-none-eabi/6.3.1/../../../../arm-none-eabi/lib/thumb/v7-m/libc.a(lib_a-mprec.o)
                0x0000000008007160                __mprec_bigtens
 .rodata.__mprec_tens
                0x0000000008007188       0xc8 /opt/gcc-arm-none-eabi-6-2017-q1-update/bin/../lib/gcc/arm-none-eabi/6.3.1/../../../../arm-none-eabi/lib/thumb/v7-m/libc.a(lib_a-mprec.o)
                0x0000000008007188                __mprec_tens
 .rodata.p05.6060
                0x0000000008007250        0xc /opt/gcc-arm-none-eabi-6-2017-q1-update/bin/../lib/gcc/arm-none-eabi/6.3.1/../../../../arm-none-eabi/lib/thumb/v7-m/libc.a(lib_a-mprec.o)
 .rodata._setlocale_r.str1.4
                0x000000000800725c        0xa /opt/gcc-arm-none-eabi-6-2017-q1-update/bin/../lib/gcc/arm-none-eabi/6.3.1/../../../../arm-none-eabi/lib/thumb/v7-m/libc.a(lib_a-locale.o)
                                          0xd (size before relaxing)
 *fill*         0x0000000008007266        0x2 
 .rodata.str1.4
                0x0000000008007268        0x4 /opt/gcc-arm-none-eabi-6-2017-q1-update/bin/../lib/gcc/arm-none-eabi/6.3.1/../../../../arm-none-eabi/lib/thumb/v7-m/libc.a(lib_a-locale.o)
                                          0x2 (size before relaxing)
 .rodata._ctype_
                0x000000000800726c      0x101 /opt/gcc-arm-none-eabi-6-2017-q1-update/bin/../lib/gcc/arm-none-eabi/6.3.1/../../../../arm-none-eabi/lib/thumb/v7-m/libc.a(lib_a-ctype_.o)
                0x000000000800726c                _ctype_
                0x0000000008007370                . = ALIGN (0x4)
 *fill*         0x000000000800736d        0x3 

.glue_7         0x0000000008007370        0x0
 .glue_7        0x0000000008007370        0x0 linker stubs

.glue_7t        0x0000000008007370        0x0
 .glue_7t       0x0000000008007370        0x0 linker stubs

.vfp11_veneer   0x0000000008007370        0x0
 .vfp11_veneer  0x0000000008007370        0x0 linker stubs

.v4_bx          0x0000000008007370        0x0
 .v4_bx         0x0000000008007370        0x0 linker stubs

.iplt           0x0000000008007370        0x0
 .iplt          0x0000000008007370        0x0 i2c.o

.preinit_array  0x0000000008007370        0x0
                0x0000000008007370                . = ALIGN (0x4)
                0x0000000008007370                __preinit_array_start = .
 *(.preinit_array)
                0x0000000008007370                __preinit_array_end = .

.init_array     0x0000000008007370        0x0
                0x0000000008007370                . = ALIGN (0x4)
                0x0000000008007370                __init_array_start = .
 *(SORT(.init_array.*))
 *(.init_array)
                0x0000000008007370                __init_array_end = .

.fini_array     0x0000000008007370        0x0
                0x0000000008007370                . = ALIGN (0x4)
                0x0000000008007370                __fini_array_start = .
 *(.fini_array)
 *(SORT(.fini_array.*))
                0x0000000008007370                __fini_array_end = .

.ARM.extab
 *(.ARM.extab*)

.ARM.exidx      0x0000000008007370        0x8
                0x0000000008007370                __exidx_start = .
 *(.ARM.exidx*)
 .ARM.exidx     0x0000000008007370        0x8 /opt/gcc-arm-none-eabi-6-2017-q1-update/bin/../lib/gcc/arm-none-eabi/6.3.1/thumb/v7-m/libgcc.a(_udivmoddi4.o)
                0x0000000008007378                __exidx_end = .

.rel.dyn        0x0000000008007378        0x0
 .rel.iplt      0x0000000008007378        0x0 i2c.o
                0x0000000008007378                . = ALIGN (0x4)
                0x0000000008007378                _etext = .

.data           0x0000000020000000      0x9c4 load address 0x0000000008007378
                0x0000000020000000                _data = .
 *(.data*)
 .data.usb_strings
                0x0000000020000000        0xc usb_slave.o
 .data.rcc_ahb_frequency
                0x000000002000000c        0x4 ./libopencm3/lib/libopencm3_stm32f1.a(rcc.o)
                0x000000002000000c                rcc_ahb_frequency
 .data.rcc_apb1_frequency
                0x0000000020000010        0x4 ./libopencm3/lib/libopencm3_stm32f1.a(rcc.o)
                0x0000000020000010                rcc_apb1_frequency
 .data.rcc_apb2_frequency
                0x0000000020000014        0x4 ./libopencm3/lib/libopencm3_stm32f1.a(rcc.o)
                0x0000000020000014                rcc_apb2_frequency
 .data.__malloc_av_
                0x0000000020000018      0x408 /opt/gcc-arm-none-eabi-6-2017-q1-update/bin/../lib/gcc/arm-none-eabi/6.3.1/../../../../arm-none-eabi/lib/thumb/v7-m/libc.a(lib_a-mallocr.o)
                0x0000000020000018                __malloc_av_
 .data.__malloc_sbrk_base
                0x0000000020000420        0x4 /opt/gcc-arm-none-eabi-6-2017-q1-update/bin/../lib/gcc/arm-none-eabi/6.3.1/../../../../arm-none-eabi/lib/thumb/v7-m/libc.a(lib_a-mallocr.o)
                0x0000000020000420                __malloc_sbrk_base
 .data.__malloc_trim_threshold
                0x0000000020000424        0x4 /opt/gcc-arm-none-eabi-6-2017-q1-update/bin/../lib/gcc/arm-none-eabi/6.3.1/../../../../arm-none-eabi/lib/thumb/v7-m/libc.a(lib_a-mallocr.o)
                0x0000000020000424                __malloc_trim_threshold
 .data._impure_ptr
                0x0000000020000428        0x4 /opt/gcc-arm-none-eabi-6-2017-q1-update/bin/../lib/gcc/arm-none-eabi/6.3.1/../../../../arm-none-eabi/lib/thumb/v7-m/libc.a(lib_a-impure.o)
                0x0000000020000428                _impure_ptr
 *fill*         0x000000002000042c        0x4 
 .data.impure_data
                0x0000000020000430      0x428 /opt/gcc-arm-none-eabi-6-2017-q1-update/bin/../lib/gcc/arm-none-eabi/6.3.1/../../../../arm-none-eabi/lib/thumb/v7-m/libc.a(lib_a-impure.o)
 .data.__global_locale
                0x0000000020000858      0x16c /opt/gcc-arm-none-eabi-6-2017-q1-update/bin/../lib/gcc/arm-none-eabi/6.3.1/../../../../arm-none-eabi/lib/thumb/v7-m/libc.a(lib_a-locale.o)
                0x0000000020000858                __global_locale
                0x00000000200009c4                . = ALIGN (0x4)
                0x00000000200009c4                _edata = .
                0x0000000008007378                _data_loadaddr = LOADADDR (.data)

.igot.plt       0x00000000200009c4        0x0 load address 0x0000000008007d3c
 .igot.plt      0x00000000200009c4        0x0 i2c.o

.bss            0x00000000200009c4      0x1ec load address 0x0000000008007d3c
 *(.bss*)
 .bss.i2c       0x00000000200009c4        0xc i2c.o
                0x00000000200009c4                i2c
 .bss.tr_round  0x00000000200009d0        0x4 usb_slave.o
 .bss.usbd_control_buffer
                0x00000000200009d4       0x80 usb_slave.o
                0x00000000200009d4                usbd_control_buffer
 .bss.usbd_dev  0x0000000020000a54       0xfc ./libopencm3/lib/libopencm3_stm32f1.a(usb_f107.o)
 .bss.__malloc_current_mallinfo
                0x0000000020000b50       0x28 /opt/gcc-arm-none-eabi-6-2017-q1-update/bin/../lib/gcc/arm-none-eabi/6.3.1/../../../../arm-none-eabi/lib/thumb/v7-m/libc.a(lib_a-mallocr.o)
                0x0000000020000b50                __malloc_current_mallinfo
 .bss.__malloc_max_sbrked_mem
                0x0000000020000b78        0x4 /opt/gcc-arm-none-eabi-6-2017-q1-update/bin/../lib/gcc/arm-none-eabi/6.3.1/../../../../arm-none-eabi/lib/thumb/v7-m/libc.a(lib_a-mallocr.o)
                0x0000000020000b78                __malloc_max_sbrked_mem
 .bss.__malloc_max_total_mem
                0x0000000020000b7c        0x4 /opt/gcc-arm-none-eabi-6-2017-q1-update/bin/../lib/gcc/arm-none-eabi/6.3.1/../../../../arm-none-eabi/lib/thumb/v7-m/libc.a(lib_a-mallocr.o)
                0x0000000020000b7c                __malloc_max_total_mem
 .bss.__malloc_top_pad
                0x0000000020000b80        0x4 /opt/gcc-arm-none-eabi-6-2017-q1-update/bin/../lib/gcc/arm-none-eabi/6.3.1/../../../../arm-none-eabi/lib/thumb/v7-m/libc.a(lib_a-mallocr.o)
                0x0000000020000b80                __malloc_top_pad
 .bss.heap_end.4116
                0x0000000020000b84        0x4 /opt/gcc-arm-none-eabi-6-2017-q1-update/bin/../lib/gcc/arm-none-eabi/6.3.1/../../../../arm-none-eabi/lib/thumb/v7-m/libnosys.a(sbrk.o)
 *(COMMON)
 COMMON         0x0000000020000b88       0x21 /opt/gcc-arm-none-eabi-6-2017-q1-update/bin/../lib/gcc/arm-none-eabi/6.3.1/../../../../arm-none-eabi/lib/thumb/v7-m/libc.a(lib_a-lock.o)
                0x0000000020000b88                __lock___atexit_recursive_mutex
                0x0000000020000b8c                __lock___arc4random_mutex
                0x0000000020000b90                __lock___env_recursive_mutex
                0x0000000020000b94                __lock___sinit_recursive_mutex
                0x0000000020000b98                __lock___malloc_recursive_mutex
                0x0000000020000b9c                __lock___at_quick_exit_mutex
                0x0000000020000ba0                __lock___dd_hash_mutex
                0x0000000020000ba4                __lock___tz_mutex
                0x0000000020000ba8                __lock___sfp_recursive_mutex
 *fill*         0x0000000020000ba9        0x3 
 COMMON         0x0000000020000bac        0x4 /opt/gcc-arm-none-eabi-6-2017-q1-update/bin/../lib/gcc/arm-none-eabi/6.3.1/../../../../arm-none-eabi/lib/thumb/v7-m/libc.a(lib_a-reent.o)
                0x0000000020000bac                errno
                0x0000000020000bb0                . = ALIGN (0x4)
                0x0000000020000bb0                _ebss = .

/DISCARD/
 *(.eh_frame)
                0x0000000020000bb0                . = ALIGN (0x4)
                0x0000000020000bb0                end = .
                0x0000000020005000                PROVIDE (_stack, (ORIGIN (ram) + LENGTH (ram)))
OUTPUT(usb_slave.elf elf32-littlearm)

.debug_info     0x0000000000000000     0x93b9
 .debug_info    0x0000000000000000      0x76d i2c.o
 .debug_info    0x000000000000076d     0x186b usb_slave.o
 .debug_info    0x0000000000001fd8      0x1df ./libopencm3/lib/libopencm3_stm32f1.a(gpio.o)
 .debug_info    0x00000000000021b7     0x1147 ./libopencm3/lib/libopencm3_stm32f1.a(rcc.o)
 .debug_info    0x00000000000032fe      0x22c ./libopencm3/lib/libopencm3_stm32f1.a(gpio_common_all.o)
 .debug_info    0x000000000000352a      0xa2c ./libopencm3/lib/libopencm3_stm32f1.a(i2c_common_v1.o)
 .debug_info    0x0000000000003f56      0x53a ./libopencm3/lib/libopencm3_stm32f1.a(rcc_common_all.o)
 .debug_info    0x0000000000004490      0x27f ./libopencm3/lib/libopencm3_stm32f1.a(flash_common_f01.o)
 .debug_info    0x000000000000470f      0xda2 ./libopencm3/lib/libopencm3_stm32f1.a(usb.o)
 .debug_info    0x00000000000054b1      0xf1b ./libopencm3/lib/libopencm3_stm32f1.a(usb_control.o)
 .debug_info    0x00000000000063cc     0x14d3 ./libopencm3/lib/libopencm3_stm32f1.a(usb_standard.o)
 .debug_info    0x000000000000789f      0xb1a ./libopencm3/lib/libopencm3_stm32f1.a(usb_f107.o)
 .debug_info    0x00000000000083b9      0x2a0 ./libopencm3/lib/libopencm3_stm32f1.a(vector.o)
 .debug_info    0x0000000000008659      0xd60 ./libopencm3/lib/libopencm3_stm32f1.a(usb_fx07_common.o)

.debug_abbrev   0x0000000000000000     0x1c20
 .debug_abbrev  0x0000000000000000      0x183 i2c.o
 .debug_abbrev  0x0000000000000183      0x397 usb_slave.o
 .debug_abbrev  0x000000000000051a       0xb7 ./libopencm3/lib/libopencm3_stm32f1.a(gpio.o)
 .debug_abbrev  0x00000000000005d1      0x291 ./libopencm3/lib/libopencm3_stm32f1.a(rcc.o)
 .debug_abbrev  0x0000000000000862      0x10e ./libopencm3/lib/libopencm3_stm32f1.a(gpio_common_all.o)
 .debug_abbrev  0x0000000000000970      0x27f ./libopencm3/lib/libopencm3_stm32f1.a(i2c_common_v1.o)
 .debug_abbrev  0x0000000000000bef       0xc1 ./libopencm3/lib/libopencm3_stm32f1.a(rcc_common_all.o)
 .debug_abbrev  0x0000000000000cb0       0xe7 ./libopencm3/lib/libopencm3_stm32f1.a(flash_common_f01.o)
 .debug_abbrev  0x0000000000000d97      0x1ee ./libopencm3/lib/libopencm3_stm32f1.a(usb.o)
 .debug_abbrev  0x0000000000000f85      0x33d ./libopencm3/lib/libopencm3_stm32f1.a(usb_control.o)
 .debug_abbrev  0x00000000000012c2      0x40c ./libopencm3/lib/libopencm3_stm32f1.a(usb_standard.o)
 .debug_abbrev  0x00000000000016ce      0x156 ./libopencm3/lib/libopencm3_stm32f1.a(usb_f107.o)
 .debug_abbrev  0x0000000000001824      0x138 ./libopencm3/lib/libopencm3_stm32f1.a(vector.o)
 .debug_abbrev  0x000000000000195c      0x2c4 ./libopencm3/lib/libopencm3_stm32f1.a(usb_fx07_common.o)

.debug_loc      0x0000000000000000     0x349b
 .debug_loc     0x0000000000000000      0x108 i2c.o
 .debug_loc     0x0000000000000108      0x336 usb_slave.o
 .debug_loc     0x000000000000043e      0x19f ./libopencm3/lib/libopencm3_stm32f1.a(gpio.o)
 .debug_loc     0x00000000000005dd      0x3f2 ./libopencm3/lib/libopencm3_stm32f1.a(rcc.o)
 .debug_loc     0x00000000000009cf       0x84 ./libopencm3/lib/libopencm3_stm32f1.a(gpio_common_all.o)
 .debug_loc     0x0000000000000a53      0x483 ./libopencm3/lib/libopencm3_stm32f1.a(i2c_common_v1.o)
 .debug_loc     0x0000000000000ed6      0x14a ./libopencm3/lib/libopencm3_stm32f1.a(rcc_common_all.o)
 .debug_loc     0x0000000000001020       0xd3 ./libopencm3/lib/libopencm3_stm32f1.a(flash_common_f01.o)
 .debug_loc     0x00000000000010f3      0x4b1 ./libopencm3/lib/libopencm3_stm32f1.a(usb.o)
 .debug_loc     0x00000000000015a4      0x5c7 ./libopencm3/lib/libopencm3_stm32f1.a(usb_control.o)
 .debug_loc     0x0000000000001b6b     0x1213 ./libopencm3/lib/libopencm3_stm32f1.a(usb_standard.o)
 .debug_loc     0x0000000000002d7e       0xac ./libopencm3/lib/libopencm3_stm32f1.a(vector.o)
 .debug_loc     0x0000000000002e2a      0x671 ./libopencm3/lib/libopencm3_stm32f1.a(usb_fx07_common.o)

.debug_aranges  0x0000000000000000      0x6c0
 .debug_aranges
                0x0000000000000000       0x40 i2c.o
 .debug_aranges
                0x0000000000000040       0x50 usb_slave.o
 .debug_aranges
                0x0000000000000090       0x38 ./libopencm3/lib/libopencm3_stm32f1.a(gpio.o)
 .debug_aranges
                0x00000000000000c8      0x168 ./libopencm3/lib/libopencm3_stm32f1.a(rcc.o)
 .debug_aranges
                0x0000000000000230       0x50 ./libopencm3/lib/libopencm3_stm32f1.a(gpio_common_all.o)
 .debug_aranges
                0x0000000000000280      0x110 ./libopencm3/lib/libopencm3_stm32f1.a(i2c_common_v1.o)
 .debug_aranges
                0x0000000000000390       0x68 ./libopencm3/lib/libopencm3_stm32f1.a(rcc_common_all.o)
 .debug_aranges
                0x00000000000003f8       0x88 ./libopencm3/lib/libopencm3_stm32f1.a(flash_common_f01.o)
 .debug_aranges
                0x0000000000000480       0x88 ./libopencm3/lib/libopencm3_stm32f1.a(usb.o)
 .debug_aranges
                0x0000000000000508       0x60 ./libopencm3/lib/libopencm3_stm32f1.a(usb_control.o)
 .debug_aranges
                0x0000000000000568       0xa0 ./libopencm3/lib/libopencm3_stm32f1.a(usb_standard.o)
 .debug_aranges
                0x0000000000000608       0x20 ./libopencm3/lib/libopencm3_stm32f1.a(usb_f107.o)
 .debug_aranges
                0x0000000000000628       0x30 ./libopencm3/lib/libopencm3_stm32f1.a(vector.o)
 .debug_aranges
                0x0000000000000658       0x68 ./libopencm3/lib/libopencm3_stm32f1.a(usb_fx07_common.o)

.debug_ranges   0x0000000000000000      0x6e0
 .debug_ranges  0x0000000000000000       0x30 i2c.o
 .debug_ranges  0x0000000000000030       0x40 usb_slave.o
 .debug_ranges  0x0000000000000070       0x28 ./libopencm3/lib/libopencm3_stm32f1.a(gpio.o)
 .debug_ranges  0x0000000000000098      0x1b8 ./libopencm3/lib/libopencm3_stm32f1.a(rcc.o)
 .debug_ranges  0x0000000000000250       0x40 ./libopencm3/lib/libopencm3_stm32f1.a(gpio_common_all.o)
 .debug_ranges  0x0000000000000290      0x120 ./libopencm3/lib/libopencm3_stm32f1.a(i2c_common_v1.o)
 .debug_ranges  0x00000000000003b0       0x58 ./libopencm3/lib/libopencm3_stm32f1.a(rcc_common_all.o)
 .debug_ranges  0x0000000000000408       0x78 ./libopencm3/lib/libopencm3_stm32f1.a(flash_common_f01.o)
 .debug_ranges  0x0000000000000480       0x78 ./libopencm3/lib/libopencm3_stm32f1.a(usb.o)
 .debug_ranges  0x00000000000004f8       0x68 ./libopencm3/lib/libopencm3_stm32f1.a(usb_control.o)
 .debug_ranges  0x0000000000000560       0xe0 ./libopencm3/lib/libopencm3_stm32f1.a(usb_standard.o)
 .debug_ranges  0x0000000000000640       0x10 ./libopencm3/lib/libopencm3_stm32f1.a(usb_f107.o)
 .debug_ranges  0x0000000000000650       0x20 ./libopencm3/lib/libopencm3_stm32f1.a(vector.o)
 .debug_ranges  0x0000000000000670       0x70 ./libopencm3/lib/libopencm3_stm32f1.a(usb_fx07_common.o)

.debug_line     0x0000000000000000     0x30c9
 .debug_line    0x0000000000000000      0x2a6 i2c.o
 .debug_line    0x00000000000002a6      0x3e9 usb_slave.o
 .debug_line    0x000000000000068f      0x247 ./libopencm3/lib/libopencm3_stm32f1.a(gpio.o)
 .debug_line    0x00000000000008d6      0x5fa ./libopencm3/lib/libopencm3_stm32f1.a(rcc.o)
 .debug_line    0x0000000000000ed0      0x280 ./libopencm3/lib/libopencm3_stm32f1.a(gpio_common_all.o)
 .debug_line    0x0000000000001150      0x488 ./libopencm3/lib/libopencm3_stm32f1.a(i2c_common_v1.o)
 .debug_line    0x00000000000015d8      0x2a5 ./libopencm3/lib/libopencm3_stm32f1.a(rcc_common_all.o)
 .debug_line    0x000000000000187d      0x30b ./libopencm3/lib/libopencm3_stm32f1.a(flash_common_f01.o)
 .debug_line    0x0000000000001b88      0x311 ./libopencm3/lib/libopencm3_stm32f1.a(usb.o)
 .debug_line    0x0000000000001e99      0x34e ./libopencm3/lib/libopencm3_stm32f1.a(usb_control.o)
 .debug_line    0x00000000000021e7      0x496 ./libopencm3/lib/libopencm3_stm32f1.a(usb_standard.o)
 .debug_line    0x000000000000267d      0x337 ./libopencm3/lib/libopencm3_stm32f1.a(usb_f107.o)
 .debug_line    0x00000000000029b4      0x291 ./libopencm3/lib/libopencm3_stm32f1.a(vector.o)
 .debug_line    0x0000000000002c45      0x484 ./libopencm3/lib/libopencm3_stm32f1.a(usb_fx07_common.o)

.debug_str      0x0000000000000000    0x167b0
 .debug_str     0x0000000000000000      0x4e9 i2c.o
                                        0x592 (size before relaxing)
 .debug_str     0x00000000000004e9      0x8f3 usb_slave.o
                                        0xe1c (size before relaxing)
 .debug_str     0x0000000000000ddc     0x77ca ./libopencm3/lib/libopencm3_stm32f1.a(gpio.o)
                                       0x7996 (size before relaxing)
 .debug_str     0x00000000000085a6     0x3075 ./libopencm3/lib/libopencm3_stm32f1.a(rcc.o)
                                       0x7261 (size before relaxing)
 .debug_str     0x000000000000b61b       0x65 ./libopencm3/lib/libopencm3_stm32f1.a(gpio_common_all.o)
                                       0x798a (size before relaxing)
 .debug_str     0x000000000000b680     0x120d ./libopencm3/lib/libopencm3_stm32f1.a(i2c_common_v1.o)
                                       0x792c (size before relaxing)
 .debug_str     0x000000000000c88d      0x13b ./libopencm3/lib/libopencm3_stm32f1.a(rcc_common_all.o)
                                       0x6b10 (size before relaxing)
 .debug_str     0x000000000000c9c8      0x179 ./libopencm3/lib/libopencm3_stm32f1.a(flash_common_f01.o)
                                       0x4a3d (size before relaxing)
 .debug_str     0x000000000000cb41     0x2d09 ./libopencm3/lib/libopencm3_stm32f1.a(usb.o)
                                       0x68f7 (size before relaxing)
 .debug_str     0x000000000000f84a      0x1ee ./libopencm3/lib/libopencm3_stm32f1.a(usb_control.o)
                                       0x697b (size before relaxing)
 .debug_str     0x000000000000fa38      0x2b2 ./libopencm3/lib/libopencm3_stm32f1.a(usb_standard.o)
                                       0x6ab4 (size before relaxing)
 .debug_str     0x000000000000fcea     0x3381 ./libopencm3/lib/libopencm3_stm32f1.a(usb_f107.o)
                                       0xce46 (size before relaxing)
 .debug_str     0x000000000001306b     0x24ed ./libopencm3/lib/libopencm3_stm32f1.a(vector.o)
                                       0x5ae8 (size before relaxing)
 .debug_str     0x0000000000015558     0x1258 ./libopencm3/lib/libopencm3_stm32f1.a(usb_fx07_common.o)
                                       0xba62 (size before relaxing)

.comment        0x0000000000000000       0xb7
 .comment       0x0000000000000000       0x7f i2c.o
                                         0x80 (size before relaxing)
 .comment       0x000000000000007f       0x80 usb_slave.o
 .comment       0x000000000000007f       0x38 ./libopencm3/lib/libopencm3_stm32f1.a(gpio.o)
                                         0x39 (size before relaxing)
 .comment       0x00000000000000b7       0x39 ./libopencm3/lib/libopencm3_stm32f1.a(rcc.o)
 .comment       0x00000000000000b7       0x39 ./libopencm3/lib/libopencm3_stm32f1.a(gpio_common_all.o)
 .comment       0x00000000000000b7       0x39 ./libopencm3/lib/libopencm3_stm32f1.a(i2c_common_v1.o)
 .comment       0x00000000000000b7       0x39 ./libopencm3/lib/libopencm3_stm32f1.a(rcc_common_all.o)
 .comment       0x00000000000000b7       0x39 ./libopencm3/lib/libopencm3_stm32f1.a(flash_common_f01.o)
 .comment       0x00000000000000b7       0x39 ./libopencm3/lib/libopencm3_stm32f1.a(usb.o)
 .comment       0x00000000000000b7       0x39 ./libopencm3/lib/libopencm3_stm32f1.a(usb_control.o)
 .comment       0x00000000000000b7       0x39 ./libopencm3/lib/libopencm3_stm32f1.a(usb_standard.o)
 .comment       0x00000000000000b7       0x39 ./libopencm3/lib/libopencm3_stm32f1.a(usb_f107.o)
 .comment       0x00000000000000b7       0x39 ./libopencm3/lib/libopencm3_stm32f1.a(vector.o)
 .comment       0x00000000000000b7       0x39 ./libopencm3/lib/libopencm3_stm32f1.a(usb_fx07_common.o)

.ARM.attributes
                0x0000000000000000       0x31
 .ARM.attributes
                0x0000000000000000       0x33 i2c.o
 .ARM.attributes
                0x0000000000000033       0x33 usb_slave.o
 .ARM.attributes
                0x0000000000000066       0x33 ./libopencm3/lib/libopencm3_stm32f1.a(gpio.o)
 .ARM.attributes
                0x0000000000000099       0x33 ./libopencm3/lib/libopencm3_stm32f1.a(rcc.o)
 .ARM.attributes
                0x00000000000000cc       0x33 ./libopencm3/lib/libopencm3_stm32f1.a(gpio_common_all.o)
 .ARM.attributes
                0x00000000000000ff       0x33 ./libopencm3/lib/libopencm3_stm32f1.a(i2c_common_v1.o)
 .ARM.attributes
                0x0000000000000132       0x33 ./libopencm3/lib/libopencm3_stm32f1.a(rcc_common_all.o)
 .ARM.attributes
                0x0000000000000165       0x33 ./libopencm3/lib/libopencm3_stm32f1.a(flash_common_f01.o)
 .ARM.attributes
                0x0000000000000198       0x33 ./libopencm3/lib/libopencm3_stm32f1.a(usb.o)
 .ARM.attributes
                0x00000000000001cb       0x33 ./libopencm3/lib/libopencm3_stm32f1.a(usb_control.o)
 .ARM.attributes
                0x00000000000001fe       0x33 ./libopencm3/lib/libopencm3_stm32f1.a(usb_standard.o)
 .ARM.attributes
                0x0000000000000231       0x33 ./libopencm3/lib/libopencm3_stm32f1.a(usb_f107.o)
 .ARM.attributes
                0x0000000000000264       0x33 ./libopencm3/lib/libopencm3_stm32f1.a(vector.o)
 .ARM.attributes
                0x0000000000000297       0x33 ./libopencm3/lib/libopencm3_stm32f1.a(usb_fx07_common.o)
 .ARM.attributes
                0x00000000000002ca       0x2d /opt/gcc-arm-none-eabi-6-2017-q1-update/bin/../lib/gcc/arm-none-eabi/6.3.1/../../../../arm-none-eabi/lib/thumb/v7-m/libc.a(lib_a-malloc.o)
 .ARM.attributes
                0x00000000000002f7       0x2d /opt/gcc-arm-none-eabi-6-2017-q1-update/bin/../lib/gcc/arm-none-eabi/6.3.1/../../../../arm-none-eabi/lib/thumb/v7-m/libc.a(lib_a-mallocr.o)
 .ARM.attributes
                0x0000000000000324       0x1b /opt/gcc-arm-none-eabi-6-2017-q1-update/bin/../lib/gcc/arm-none-eabi/6.3.1/../../../../arm-none-eabi/lib/thumb/v7-m/libc.a(lib_a-memcpy.o)
 .ARM.attributes
                0x000000000000033f       0x2d /opt/gcc-arm-none-eabi-6-2017-q1-update/bin/../lib/gcc/arm-none-eabi/6.3.1/../../../../arm-none-eabi/lib/thumb/v7-m/libc.a(lib_a-mlock.o)
 .ARM.attributes
                0x000000000000036c       0x2d /opt/gcc-arm-none-eabi-6-2017-q1-update/bin/../lib/gcc/arm-none-eabi/6.3.1/../../../../arm-none-eabi/lib/thumb/v7-m/libc.a(lib_a-printf.o)
 .ARM.attributes
                0x0000000000000399       0x2d /opt/gcc-arm-none-eabi-6-2017-q1-update/bin/../lib/gcc/arm-none-eabi/6.3.1/../../../../arm-none-eabi/lib/thumb/v7-m/libc.a(lib_a-sbrkr.o)
 .ARM.attributes
                0x00000000000003c6       0x2d /opt/gcc-arm-none-eabi-6-2017-q1-update/bin/../lib/gcc/arm-none-eabi/6.3.1/../../../../arm-none-eabi/lib/thumb/v7-m/libc.a(lib_a-strlen-stub.o)
 .ARM.attributes
                0x00000000000003f3       0x2d /opt/gcc-arm-none-eabi-6-2017-q1-update/bin/../lib/gcc/arm-none-eabi/6.3.1/../../../../arm-none-eabi/lib/thumb/v7-m/libc.a(lib_a-vfprintf.o)
 .ARM.attributes
                0x0000000000000420       0x2d /opt/gcc-arm-none-eabi-6-2017-q1-update/bin/../lib/gcc/arm-none-eabi/6.3.1/../../../../arm-none-eabi/lib/thumb/v7-m/libc.a(lib_a-wsetup.o)
 .ARM.attributes
                0x000000000000044d       0x2d /opt/gcc-arm-none-eabi-6-2017-q1-update/bin/../lib/gcc/arm-none-eabi/6.3.1/../../../../arm-none-eabi/lib/thumb/v7-m/libc.a(lib_a-dtoa.o)
 .ARM.attributes
                0x000000000000047a       0x2d /opt/gcc-arm-none-eabi-6-2017-q1-update/bin/../lib/gcc/arm-none-eabi/6.3.1/../../../../arm-none-eabi/lib/thumb/v7-m/libc.a(lib_a-fflush.o)
 .ARM.attributes
                0x00000000000004a7       0x2d /opt/gcc-arm-none-eabi-6-2017-q1-update/bin/../lib/gcc/arm-none-eabi/6.3.1/../../../../arm-none-eabi/lib/thumb/v7-m/libc.a(lib_a-findfp.o)
 .ARM.attributes
                0x00000000000004d4       0x2d /opt/gcc-arm-none-eabi-6-2017-q1-update/bin/../lib/gcc/arm-none-eabi/6.3.1/../../../../arm-none-eabi/lib/thumb/v7-m/libc.a(lib_a-freer.o)
 .ARM.attributes
                0x0000000000000501       0x2d /opt/gcc-arm-none-eabi-6-2017-q1-update/bin/../lib/gcc/arm-none-eabi/6.3.1/../../../../arm-none-eabi/lib/thumb/v7-m/libc.a(lib_a-fwalk.o)
 .ARM.attributes
                0x000000000000052e       0x2d /opt/gcc-arm-none-eabi-6-2017-q1-update/bin/../lib/gcc/arm-none-eabi/6.3.1/../../../../arm-none-eabi/lib/thumb/v7-m/libc.a(lib_a-impure.o)
 .ARM.attributes
                0x000000000000055b       0x2d /opt/gcc-arm-none-eabi-6-2017-q1-update/bin/../lib/gcc/arm-none-eabi/6.3.1/../../../../arm-none-eabi/lib/thumb/v7-m/libc.a(lib_a-localeconv.o)
 .ARM.attributes
                0x0000000000000588       0x2d /opt/gcc-arm-none-eabi-6-2017-q1-update/bin/../lib/gcc/arm-none-eabi/6.3.1/../../../../arm-none-eabi/lib/thumb/v7-m/libc.a(lib_a-lock.o)
 .ARM.attributes
                0x00000000000005b5       0x2d /opt/gcc-arm-none-eabi-6-2017-q1-update/bin/../lib/gcc/arm-none-eabi/6.3.1/../../../../arm-none-eabi/lib/thumb/v7-m/libc.a(lib_a-makebuf.o)
 .ARM.attributes
                0x00000000000005e2       0x2d /opt/gcc-arm-none-eabi-6-2017-q1-update/bin/../lib/gcc/arm-none-eabi/6.3.1/../../../../arm-none-eabi/lib/thumb/v7-m/libc.a(lib_a-memchr-stub.o)
 .ARM.attributes
                0x000000000000060f       0x2d /opt/gcc-arm-none-eabi-6-2017-q1-update/bin/../lib/gcc/arm-none-eabi/6.3.1/../../../../arm-none-eabi/lib/thumb/v7-m/libc.a(lib_a-memset.o)
 .ARM.attributes
                0x000000000000063c       0x2d /opt/gcc-arm-none-eabi-6-2017-q1-update/bin/../lib/gcc/arm-none-eabi/6.3.1/../../../../arm-none-eabi/lib/thumb/v7-m/libc.a(lib_a-mprec.o)
 .ARM.attributes
                0x0000000000000669       0x2d /opt/gcc-arm-none-eabi-6-2017-q1-update/bin/../lib/gcc/arm-none-eabi/6.3.1/../../../../arm-none-eabi/lib/thumb/v7-m/libc.a(lib_a-reent.o)
 .ARM.attributes
                0x0000000000000696       0x2d /opt/gcc-arm-none-eabi-6-2017-q1-update/bin/../lib/gcc/arm-none-eabi/6.3.1/../../../../arm-none-eabi/lib/thumb/v7-m/libc.a(lib_a-stdio.o)
 .ARM.attributes
                0x00000000000006c3       0x2d /opt/gcc-arm-none-eabi-6-2017-q1-update/bin/../lib/gcc/arm-none-eabi/6.3.1/../../../../arm-none-eabi/lib/thumb/v7-m/libc.a(lib_a-vfiprintf.o)
 .ARM.attributes
                0x00000000000006f0       0x2d /opt/gcc-arm-none-eabi-6-2017-q1-update/bin/../lib/gcc/arm-none-eabi/6.3.1/../../../../arm-none-eabi/lib/thumb/v7-m/libc.a(lib_a-writer.o)
 .ARM.attributes
                0x000000000000071d       0x2d /opt/gcc-arm-none-eabi-6-2017-q1-update/bin/../lib/gcc/arm-none-eabi/6.3.1/../../../../arm-none-eabi/lib/thumb/v7-m/libc.a(lib_a-callocr.o)
 .ARM.attributes
                0x000000000000074a       0x2d /opt/gcc-arm-none-eabi-6-2017-q1-update/bin/../lib/gcc/arm-none-eabi/6.3.1/../../../../arm-none-eabi/lib/thumb/v7-m/libc.a(lib_a-closer.o)
 .ARM.attributes
                0x0000000000000777       0x2d /opt/gcc-arm-none-eabi-6-2017-q1-update/bin/../lib/gcc/arm-none-eabi/6.3.1/../../../../arm-none-eabi/lib/thumb/v7-m/libc.a(lib_a-fclose.o)
 .ARM.attributes
                0x00000000000007a4       0x2d /opt/gcc-arm-none-eabi-6-2017-q1-update/bin/../lib/gcc/arm-none-eabi/6.3.1/../../../../arm-none-eabi/lib/thumb/v7-m/libc.a(lib_a-fputwc.o)
 .ARM.attributes
                0x00000000000007d1       0x2d /opt/gcc-arm-none-eabi-6-2017-q1-update/bin/../lib/gcc/arm-none-eabi/6.3.1/../../../../arm-none-eabi/lib/thumb/v7-m/libc.a(lib_a-fstatr.o)
 .ARM.attributes
                0x00000000000007fe       0x2d /opt/gcc-arm-none-eabi-6-2017-q1-update/bin/../lib/gcc/arm-none-eabi/6.3.1/../../../../arm-none-eabi/lib/thumb/v7-m/libc.a(lib_a-fvwrite.o)
 .ARM.attributes
                0x000000000000082b       0x2d /opt/gcc-arm-none-eabi-6-2017-q1-update/bin/../lib/gcc/arm-none-eabi/6.3.1/../../../../arm-none-eabi/lib/thumb/v7-m/libc.a(lib_a-isattyr.o)
 .ARM.attributes
                0x0000000000000858       0x2d /opt/gcc-arm-none-eabi-6-2017-q1-update/bin/../lib/gcc/arm-none-eabi/6.3.1/../../../../arm-none-eabi/lib/thumb/v7-m/libc.a(lib_a-locale.o)
 .ARM.attributes
                0x0000000000000885       0x2d /opt/gcc-arm-none-eabi-6-2017-q1-update/bin/../lib/gcc/arm-none-eabi/6.3.1/../../../../arm-none-eabi/lib/thumb/v7-m/libc.a(lib_a-lseekr.o)
 .ARM.attributes
                0x00000000000008b2       0x2d /opt/gcc-arm-none-eabi-6-2017-q1-update/bin/../lib/gcc/arm-none-eabi/6.3.1/../../../../arm-none-eabi/lib/thumb/v7-m/libc.a(lib_a-mbtowc_r.o)
 .ARM.attributes
                0x00000000000008df       0x2d /opt/gcc-arm-none-eabi-6-2017-q1-update/bin/../lib/gcc/arm-none-eabi/6.3.1/../../../../arm-none-eabi/lib/thumb/v7-m/libc.a(lib_a-memmove.o)
 .ARM.attributes
                0x000000000000090c       0x2d /opt/gcc-arm-none-eabi-6-2017-q1-update/bin/../lib/gcc/arm-none-eabi/6.3.1/../../../../arm-none-eabi/lib/thumb/v7-m/libc.a(lib_a-readr.o)
 .ARM.attributes
                0x0000000000000939       0x2d /opt/gcc-arm-none-eabi-6-2017-q1-update/bin/../lib/gcc/arm-none-eabi/6.3.1/../../../../arm-none-eabi/lib/thumb/v7-m/libc.a(lib_a-reallocr.o)
 .ARM.attributes
                0x0000000000000966       0x2d /opt/gcc-arm-none-eabi-6-2017-q1-update/bin/../lib/gcc/arm-none-eabi/6.3.1/../../../../arm-none-eabi/lib/thumb/v7-m/libc.a(lib_a-wbuf.o)
 .ARM.attributes
                0x0000000000000993       0x2d /opt/gcc-arm-none-eabi-6-2017-q1-update/bin/../lib/gcc/arm-none-eabi/6.3.1/../../../../arm-none-eabi/lib/thumb/v7-m/libc.a(lib_a-wcrtomb.o)
 .ARM.attributes
                0x00000000000009c0       0x2d /opt/gcc-arm-none-eabi-6-2017-q1-update/bin/../lib/gcc/arm-none-eabi/6.3.1/../../../../arm-none-eabi/lib/thumb/v7-m/libc.a(lib_a-wctomb_r.o)
 .ARM.attributes
                0x00000000000009ed       0x2d /opt/gcc-arm-none-eabi-6-2017-q1-update/bin/../lib/gcc/arm-none-eabi/6.3.1/../../../../arm-none-eabi/lib/thumb/v7-m/libc.a(lib_a-ctype_.o)
 .ARM.attributes
                0x0000000000000a1a       0x1d /opt/gcc-arm-none-eabi-6-2017-q1-update/bin/../lib/gcc/arm-none-eabi/6.3.1/thumb/v7-m/libgcc.a(_arm_addsubdf3.o)
 .ARM.attributes
                0x0000000000000a37       0x1d /opt/gcc-arm-none-eabi-6-2017-q1-update/bin/../lib/gcc/arm-none-eabi/6.3.1/thumb/v7-m/libgcc.a(_arm_muldivdf3.o)
 .ARM.attributes
                0x0000000000000a54       0x1d /opt/gcc-arm-none-eabi-6-2017-q1-update/bin/../lib/gcc/arm-none-eabi/6.3.1/thumb/v7-m/libgcc.a(_arm_cmpdf2.o)
 .ARM.attributes
                0x0000000000000a71       0x1d /opt/gcc-arm-none-eabi-6-2017-q1-update/bin/../lib/gcc/arm-none-eabi/6.3.1/thumb/v7-m/libgcc.a(_arm_unorddf2.o)
 .ARM.attributes
                0x0000000000000a8e       0x1d /opt/gcc-arm-none-eabi-6-2017-q1-update/bin/../lib/gcc/arm-none-eabi/6.3.1/thumb/v7-m/libgcc.a(_arm_fixdfsi.o)
 .ARM.attributes
                0x0000000000000aab       0x1d /opt/gcc-arm-none-eabi-6-2017-q1-update/bin/../lib/gcc/arm-none-eabi/6.3.1/thumb/v7-m/libgcc.a(_aeabi_uldivmod.o)
 .ARM.attributes
                0x0000000000000ac8       0x2d /opt/gcc-arm-none-eabi-6-2017-q1-update/bin/../lib/gcc/arm-none-eabi/6.3.1/thumb/v7-m/libgcc.a(_udivmoddi4.o)
 .ARM.attributes
                0x0000000000000af5       0x1d /opt/gcc-arm-none-eabi-6-2017-q1-update/bin/../lib/gcc/arm-none-eabi/6.3.1/thumb/v7-m/libgcc.a(_dvmd_tls.o)
 .ARM.attributes
                0x0000000000000b12       0x2d /opt/gcc-arm-none-eabi-6-2017-q1-update/bin/../lib/gcc/arm-none-eabi/6.3.1/../../../../arm-none-eabi/lib/thumb/v7-m/libnosys.a(close.o)
 .ARM.attributes
                0x0000000000000b3f       0x2d /opt/gcc-arm-none-eabi-6-2017-q1-update/bin/../lib/gcc/arm-none-eabi/6.3.1/../../../../arm-none-eabi/lib/thumb/v7-m/libnosys.a(fstat.o)
 .ARM.attributes
                0x0000000000000b6c       0x2d /opt/gcc-arm-none-eabi-6-2017-q1-update/bin/../lib/gcc/arm-none-eabi/6.3.1/../../../../arm-none-eabi/lib/thumb/v7-m/libnosys.a(isatty.o)
 .ARM.attributes
                0x0000000000000b99       0x2d /opt/gcc-arm-none-eabi-6-2017-q1-update/bin/../lib/gcc/arm-none-eabi/6.3.1/../../../../arm-none-eabi/lib/thumb/v7-m/libnosys.a(lseek.o)
 .ARM.attributes
                0x0000000000000bc6       0x2d /opt/gcc-arm-none-eabi-6-2017-q1-update/bin/../lib/gcc/arm-none-eabi/6.3.1/../../../../arm-none-eabi/lib/thumb/v7-m/libnosys.a(read.o)
 .ARM.attributes
                0x0000000000000bf3       0x2d /opt/gcc-arm-none-eabi-6-2017-q1-update/bin/../lib/gcc/arm-none-eabi/6.3.1/../../../../arm-none-eabi/lib/thumb/v7-m/libnosys.a(sbrk.o)
 .ARM.attributes
                0x0000000000000c20       0x2d /opt/gcc-arm-none-eabi-6-2017-q1-update/bin/../lib/gcc/arm-none-eabi/6.3.1/../../../../arm-none-eabi/lib/thumb/v7-m/libnosys.a(write.o)

.debug_frame    0x0000000000000000     0x2220
 .debug_frame   0x0000000000000000       0xd0 i2c.o
 .debug_frame   0x00000000000000d0       0xb4 usb_slave.o
 .debug_frame   0x0000000000000184       0x60 ./libopencm3/lib/libopencm3_stm32f1.a(gpio.o)
 .debug_frame   0x00000000000001e4      0x300 ./libopencm3/lib/libopencm3_stm32f1.a(rcc.o)
 .debug_frame   0x00000000000004e4       0x80 ./libopencm3/lib/libopencm3_stm32f1.a(gpio_common_all.o)
 .debug_frame   0x0000000000000564      0x220 ./libopencm3/lib/libopencm3_stm32f1.a(i2c_common_v1.o)
 .debug_frame   0x0000000000000784       0xb0 ./libopencm3/lib/libopencm3_stm32f1.a(rcc_common_all.o)
 .debug_frame   0x0000000000000834      0x120 ./libopencm3/lib/libopencm3_stm32f1.a(flash_common_f01.o)
 .debug_frame   0x0000000000000954      0x13c ./libopencm3/lib/libopencm3_stm32f1.a(usb.o)
 .debug_frame   0x0000000000000a90      0x150 ./libopencm3/lib/libopencm3_stm32f1.a(usb_control.o)
 .debug_frame   0x0000000000000be0      0x1ec ./libopencm3/lib/libopencm3_stm32f1.a(usb_standard.o)
 .debug_frame   0x0000000000000dcc       0x28 ./libopencm3/lib/libopencm3_stm32f1.a(usb_f107.o)
 .debug_frame   0x0000000000000df4       0x40 ./libopencm3/lib/libopencm3_stm32f1.a(vector.o)
 .debug_frame   0x0000000000000e34      0x108 ./libopencm3/lib/libopencm3_stm32f1.a(usb_fx07_common.o)
 .debug_frame   0x0000000000000f3c       0x30 /opt/gcc-arm-none-eabi-6-2017-q1-update/bin/../lib/gcc/arm-none-eabi/6.3.1/../../../../arm-none-eabi/lib/thumb/v7-m/libc.a(lib_a-malloc.o)
 .debug_frame   0x0000000000000f6c       0x54 /opt/gcc-arm-none-eabi-6-2017-q1-update/bin/../lib/gcc/arm-none-eabi/6.3.1/../../../../arm-none-eabi/lib/thumb/v7-m/libc.a(lib_a-mallocr.o)
 .debug_frame   0x0000000000000fc0       0x30 /opt/gcc-arm-none-eabi-6-2017-q1-update/bin/../lib/gcc/arm-none-eabi/6.3.1/../../../../arm-none-eabi/lib/thumb/v7-m/libc.a(lib_a-mlock.o)
 .debug_frame   0x0000000000000ff0       0x78 /opt/gcc-arm-none-eabi-6-2017-q1-update/bin/../lib/gcc/arm-none-eabi/6.3.1/../../../../arm-none-eabi/lib/thumb/v7-m/libc.a(lib_a-printf.o)
 .debug_frame   0x0000000000001068       0x2c /opt/gcc-arm-none-eabi-6-2017-q1-update/bin/../lib/gcc/arm-none-eabi/6.3.1/../../../../arm-none-eabi/lib/thumb/v7-m/libc.a(lib_a-sbrkr.o)
 .debug_frame   0x0000000000001094       0x20 /opt/gcc-arm-none-eabi-6-2017-q1-update/bin/../lib/gcc/arm-none-eabi/6.3.1/../../../../arm-none-eabi/lib/thumb/v7-m/libc.a(lib_a-strlen-stub.o)
 .debug_frame   0x00000000000010b4       0x94 /opt/gcc-arm-none-eabi-6-2017-q1-update/bin/../lib/gcc/arm-none-eabi/6.3.1/../../../../arm-none-eabi/lib/thumb/v7-m/libc.a(lib_a-vfprintf.o)
 .debug_frame   0x0000000000001148       0x2c /opt/gcc-arm-none-eabi-6-2017-q1-update/bin/../lib/gcc/arm-none-eabi/6.3.1/../../../../arm-none-eabi/lib/thumb/v7-m/libc.a(lib_a-wsetup.o)
 .debug_frame   0x0000000000001174       0x84 /opt/gcc-arm-none-eabi-6-2017-q1-update/bin/../lib/gcc/arm-none-eabi/6.3.1/../../../../arm-none-eabi/lib/thumb/v7-m/libc.a(lib_a-dtoa.o)
 .debug_frame   0x00000000000011f8       0x5c /opt/gcc-arm-none-eabi-6-2017-q1-update/bin/../lib/gcc/arm-none-eabi/6.3.1/../../../../arm-none-eabi/lib/thumb/v7-m/libc.a(lib_a-fflush.o)
 .debug_frame   0x0000000000001254      0x150 /opt/gcc-arm-none-eabi-6-2017-q1-update/bin/../lib/gcc/arm-none-eabi/6.3.1/../../../../arm-none-eabi/lib/thumb/v7-m/libc.a(lib_a-findfp.o)
 .debug_frame   0x00000000000013a4       0x74 /opt/gcc-arm-none-eabi-6-2017-q1-update/bin/../lib/gcc/arm-none-eabi/6.3.1/../../../../arm-none-eabi/lib/thumb/v7-m/libc.a(lib_a-freer.o)
 .debug_frame   0x0000000000001418       0x54 /opt/gcc-arm-none-eabi-6-2017-q1-update/bin/../lib/gcc/arm-none-eabi/6.3.1/../../../../arm-none-eabi/lib/thumb/v7-m/libc.a(lib_a-fwalk.o)
 .debug_frame   0x000000000000146c       0x40 /opt/gcc-arm-none-eabi-6-2017-q1-update/bin/../lib/gcc/arm-none-eabi/6.3.1/../../../../arm-none-eabi/lib/thumb/v7-m/libc.a(lib_a-localeconv.o)
 .debug_frame   0x00000000000014ac       0xb0 /opt/gcc-arm-none-eabi-6-2017-q1-update/bin/../lib/gcc/arm-none-eabi/6.3.1/../../../../arm-none-eabi/lib/thumb/v7-m/libc.a(lib_a-lock.o)
 .debug_frame   0x000000000000155c       0x68 /opt/gcc-arm-none-eabi-6-2017-q1-update/bin/../lib/gcc/arm-none-eabi/6.3.1/../../../../arm-none-eabi/lib/thumb/v7-m/libc.a(lib_a-makebuf.o)
 .debug_frame   0x00000000000015c4       0x34 /opt/gcc-arm-none-eabi-6-2017-q1-update/bin/../lib/gcc/arm-none-eabi/6.3.1/../../../../arm-none-eabi/lib/thumb/v7-m/libc.a(lib_a-memchr-stub.o)
 .debug_frame   0x00000000000015f8       0x34 /opt/gcc-arm-none-eabi-6-2017-q1-update/bin/../lib/gcc/arm-none-eabi/6.3.1/../../../../arm-none-eabi/lib/thumb/v7-m/libc.a(lib_a-memset.o)
 .debug_frame   0x000000000000162c      0x260 /opt/gcc-arm-none-eabi-6-2017-q1-update/bin/../lib/gcc/arm-none-eabi/6.3.1/../../../../arm-none-eabi/lib/thumb/v7-m/libc.a(lib_a-mprec.o)
 .debug_frame   0x000000000000188c       0x58 /opt/gcc-arm-none-eabi-6-2017-q1-update/bin/../lib/gcc/arm-none-eabi/6.3.1/../../../../arm-none-eabi/lib/thumb/v7-m/libc.a(lib_a-reent.o)
 .debug_frame   0x00000000000018e4       0x88 /opt/gcc-arm-none-eabi-6-2017-q1-update/bin/../lib/gcc/arm-none-eabi/6.3.1/../../../../arm-none-eabi/lib/thumb/v7-m/libc.a(lib_a-stdio.o)
 .debug_frame   0x000000000000196c       0xd8 /opt/gcc-arm-none-eabi-6-2017-q1-update/bin/../lib/gcc/arm-none-eabi/6.3.1/../../../../arm-none-eabi/lib/thumb/v7-m/libc.a(lib_a-vfiprintf.o)
 .debug_frame   0x0000000000001a44       0x30 /opt/gcc-arm-none-eabi-6-2017-q1-update/bin/../lib/gcc/arm-none-eabi/6.3.1/../../../../arm-none-eabi/lib/thumb/v7-m/libc.a(lib_a-writer.o)
 .debug_frame   0x0000000000001a74       0x28 /opt/gcc-arm-none-eabi-6-2017-q1-update/bin/../lib/gcc/arm-none-eabi/6.3.1/../../../../arm-none-eabi/lib/thumb/v7-m/libc.a(lib_a-callocr.o)
 .debug_frame   0x0000000000001a9c       0x2c /opt/gcc-arm-none-eabi-6-2017-q1-update/bin/../lib/gcc/arm-none-eabi/6.3.1/../../../../arm-none-eabi/lib/thumb/v7-m/libc.a(lib_a-closer.o)
 .debug_frame   0x0000000000001ac8       0x3c /opt/gcc-arm-none-eabi-6-2017-q1-update/bin/../lib/gcc/arm-none-eabi/6.3.1/../../../../arm-none-eabi/lib/thumb/v7-m/libc.a(lib_a-fclose.o)
 .debug_frame   0x0000000000001b04       0x90 /opt/gcc-arm-none-eabi-6-2017-q1-update/bin/../lib/gcc/arm-none-eabi/6.3.1/../../../../arm-none-eabi/lib/thumb/v7-m/libc.a(lib_a-fputwc.o)
 .debug_frame   0x0000000000001b94       0x2c /opt/gcc-arm-none-eabi-6-2017-q1-update/bin/../lib/gcc/arm-none-eabi/6.3.1/../../../../arm-none-eabi/lib/thumb/v7-m/libc.a(lib_a-fstatr.o)
 .debug_frame   0x0000000000001bc0       0x68 /opt/gcc-arm-none-eabi-6-2017-q1-update/bin/../lib/gcc/arm-none-eabi/6.3.1/../../../../arm-none-eabi/lib/thumb/v7-m/libc.a(lib_a-fvwrite.o)
 .debug_frame   0x0000000000001c28       0x2c /opt/gcc-arm-none-eabi-6-2017-q1-update/bin/../lib/gcc/arm-none-eabi/6.3.1/../../../../arm-none-eabi/lib/thumb/v7-m/libc.a(lib_a-isattyr.o)
 .debug_frame   0x0000000000001c54       0x6c /opt/gcc-arm-none-eabi-6-2017-q1-update/bin/../lib/gcc/arm-none-eabi/6.3.1/../../../../arm-none-eabi/lib/thumb/v7-m/libc.a(lib_a-locale.o)
 .debug_frame   0x0000000000001cc0       0x30 /opt/gcc-arm-none-eabi-6-2017-q1-update/bin/../lib/gcc/arm-none-eabi/6.3.1/../../../../arm-none-eabi/lib/thumb/v7-m/libc.a(lib_a-lseekr.o)
 .debug_frame   0x0000000000001cf0       0x4c /opt/gcc-arm-none-eabi-6-2017-q1-update/bin/../lib/gcc/arm-none-eabi/6.3.1/../../../../arm-none-eabi/lib/thumb/v7-m/libc.a(lib_a-mbtowc_r.o)
 .debug_frame   0x0000000000001d3c       0x30 /opt/gcc-arm-none-eabi-6-2017-q1-update/bin/../lib/gcc/arm-none-eabi/6.3.1/../../../../arm-none-eabi/lib/thumb/v7-m/libc.a(lib_a-memmove.o)
 .debug_frame   0x0000000000001d6c       0x30 /opt/gcc-arm-none-eabi-6-2017-q1-update/bin/../lib/gcc/arm-none-eabi/6.3.1/../../../../arm-none-eabi/lib/thumb/v7-m/libc.a(lib_a-readr.o)
 .debug_frame   0x0000000000001d9c       0x68 /opt/gcc-arm-none-eabi-6-2017-q1-update/bin/../lib/gcc/arm-none-eabi/6.3.1/../../../../arm-none-eabi/lib/thumb/v7-m/libc.a(lib_a-reallocr.o)
 .debug_frame   0x0000000000001e04       0x40 /opt/gcc-arm-none-eabi-6-2017-q1-update/bin/../lib/gcc/arm-none-eabi/6.3.1/../../../../arm-none-eabi/lib/thumb/v7-m/libc.a(lib_a-wbuf.o)
 .debug_frame   0x0000000000001e44       0x5c /opt/gcc-arm-none-eabi-6-2017-q1-update/bin/../lib/gcc/arm-none-eabi/6.3.1/../../../../arm-none-eabi/lib/thumb/v7-m/libc.a(lib_a-wcrtomb.o)
 .debug_frame   0x0000000000001ea0       0x3c /opt/gcc-arm-none-eabi-6-2017-q1-update/bin/../lib/gcc/arm-none-eabi/6.3.1/../../../../arm-none-eabi/lib/thumb/v7-m/libc.a(lib_a-wctomb_r.o)
 .debug_frame   0x0000000000001edc       0xac /opt/gcc-arm-none-eabi-6-2017-q1-update/bin/../lib/gcc/arm-none-eabi/6.3.1/thumb/v7-m/libgcc.a(_arm_addsubdf3.o)
 .debug_frame   0x0000000000001f88       0x50 /opt/gcc-arm-none-eabi-6-2017-q1-update/bin/../lib/gcc/arm-none-eabi/6.3.1/thumb/v7-m/libgcc.a(_arm_muldivdf3.o)
 .debug_frame   0x0000000000001fd8       0xc4 /opt/gcc-arm-none-eabi-6-2017-q1-update/bin/../lib/gcc/arm-none-eabi/6.3.1/thumb/v7-m/libgcc.a(_arm_cmpdf2.o)
 .debug_frame   0x000000000000209c       0x20 /opt/gcc-arm-none-eabi-6-2017-q1-update/bin/../lib/gcc/arm-none-eabi/6.3.1/thumb/v7-m/libgcc.a(_arm_unorddf2.o)
 .debug_frame   0x00000000000020bc       0x24 /opt/gcc-arm-none-eabi-6-2017-q1-update/bin/../lib/gcc/arm-none-eabi/6.3.1/thumb/v7-m/libgcc.a(_arm_fixdfsi.o)
 .debug_frame   0x00000000000020e0       0x2c /opt/gcc-arm-none-eabi-6-2017-q1-update/bin/../lib/gcc/arm-none-eabi/6.3.1/thumb/v7-m/libgcc.a(_aeabi_uldivmod.o)
 .debug_frame   0x000000000000210c       0x34 /opt/gcc-arm-none-eabi-6-2017-q1-update/bin/../lib/gcc/arm-none-eabi/6.3.1/thumb/v7-m/libgcc.a(_udivmoddi4.o)
 .debug_frame   0x0000000000002140       0x20 /opt/gcc-arm-none-eabi-6-2017-q1-update/bin/../lib/gcc/arm-none-eabi/6.3.1/../../../../arm-none-eabi/lib/thumb/v7-m/libnosys.a(close.o)
 .debug_frame   0x0000000000002160       0x20 /opt/gcc-arm-none-eabi-6-2017-q1-update/bin/../lib/gcc/arm-none-eabi/6.3.1/../../../../arm-none-eabi/lib/thumb/v7-m/libnosys.a(fstat.o)
 .debug_frame   0x0000000000002180       0x20 /opt/gcc-arm-none-eabi-6-2017-q1-update/bin/../lib/gcc/arm-none-eabi/6.3.1/../../../../arm-none-eabi/lib/thumb/v7-m/libnosys.a(isatty.o)
 .debug_frame   0x00000000000021a0       0x20 /opt/gcc-arm-none-eabi-6-2017-q1-update/bin/../lib/gcc/arm-none-eabi/6.3.1/../../../../arm-none-eabi/lib/thumb/v7-m/libnosys.a(lseek.o)
 .debug_frame   0x00000000000021c0       0x20 /opt/gcc-arm-none-eabi-6-2017-q1-update/bin/../lib/gcc/arm-none-eabi/6.3.1/../../../../arm-none-eabi/lib/thumb/v7-m/libnosys.a(read.o)
 .debug_frame   0x00000000000021e0       0x20 /opt/gcc-arm-none-eabi-6-2017-q1-update/bin/../lib/gcc/arm-none-eabi/6.3.1/../../../../arm-none-eabi/lib/thumb/v7-m/libnosys.a(sbrk.o)
 .debug_frame   0x0000000000002200       0x20 /opt/gcc-arm-none-eabi-6-2017-q1-update/bin/../lib/gcc/arm-none-eabi/6.3.1/../../../../arm-none-eabi/lib/thumb/v7-m/libnosys.a(write.o)

.debug_macro    0x0000000000000000     0x5554
 .debug_macro   0x0000000000000000       0xaa ./libopencm3/lib/libopencm3_stm32f1.a(gpio.o)
 .debug_macro   0x00000000000000aa      0x86e ./libopencm3/lib/libopencm3_stm32f1.a(gpio.o)
 .debug_macro   0x0000000000000918       0x22 ./libopencm3/lib/libopencm3_stm32f1.a(gpio.o)
 .debug_macro   0x000000000000093a       0x44 ./libopencm3/lib/libopencm3_stm32f1.a(gpio.o)
 .debug_macro   0x000000000000097e       0xe3 ./libopencm3/lib/libopencm3_stm32f1.a(gpio.o)
 .debug_macro   0x0000000000000a61       0x22 ./libopencm3/lib/libopencm3_stm32f1.a(gpio.o)
 .debug_macro   0x0000000000000a83      0x1df ./libopencm3/lib/libopencm3_stm32f1.a(gpio.o)
 .debug_macro   0x0000000000000c62       0x22 ./libopencm3/lib/libopencm3_stm32f1.a(gpio.o)
 .debug_macro   0x0000000000000c84       0xfa ./libopencm3/lib/libopencm3_stm32f1.a(gpio.o)
 .debug_macro   0x0000000000000d7e       0x58 ./libopencm3/lib/libopencm3_stm32f1.a(gpio.o)
 .debug_macro   0x0000000000000dd6      0x1b4 ./libopencm3/lib/libopencm3_stm32f1.a(gpio.o)
 .debug_macro   0x0000000000000f8a       0x76 ./libopencm3/lib/libopencm3_stm32f1.a(gpio.o)
 .debug_macro   0x0000000000001000      0xdfd ./libopencm3/lib/libopencm3_stm32f1.a(gpio.o)
 .debug_macro   0x0000000000001dfd       0xd1 ./libopencm3/lib/libopencm3_stm32f1.a(rcc.o)
 .debug_macro   0x0000000000001ece       0x16 ./libopencm3/lib/libopencm3_stm32f1.a(rcc.o)
 .debug_macro   0x0000000000001ee4      0x82c ./libopencm3/lib/libopencm3_stm32f1.a(rcc.o)
 .debug_macro   0x0000000000002710       0xdc ./libopencm3/lib/libopencm3_stm32f1.a(rcc.o)
 .debug_macro   0x00000000000027ec       0x82 ./libopencm3/lib/libopencm3_stm32f1.a(rcc.o)
 .debug_macro   0x000000000000286e       0xaa ./libopencm3/lib/libopencm3_stm32f1.a(gpio_common_all.o)