Archive member included to satisfy reference by file (symbol)

./libopencm3/lib/libopencm3_stm32f1.a(gpio.o)
                              i2c.o (gpio_set_mode)
./libopencm3/lib/libopencm3_stm32f1.a(rcc.o)
                              usb_slave.o (rcc_clock_setup_in_hse_25mhz_out_72mhz)
./libopencm3/lib/libopencm3_stm32f1.a(i2c_common_v1.o)
                              i2c.o (i2c_peripheral_enable)
./libopencm3/lib/libopencm3_stm32f1.a(rcc_common_all.o)
                              i2c.o (rcc_periph_clock_enable)
./libopencm3/lib/libopencm3_stm32f1.a(flash_common_f01.o)
                              ./libopencm3/lib/libopencm3_stm32f1.a(rcc.o) (flash_set_ws)
./libopencm3/lib/libopencm3_stm32f1.a(usb.o)
                              usb_slave.o (usbd_init)
./libopencm3/lib/libopencm3_stm32f1.a(usb_control.o)
                              usb_slave.o (usbd_register_control_callback)
./libopencm3/lib/libopencm3_stm32f1.a(usb_standard.o)
                              usb_slave.o (usbd_register_set_config_callback)
./libopencm3/lib/libopencm3_stm32f1.a(usb_f107.o)
                              usb_slave.o (stm32f107_usb_driver)
./libopencm3/lib/libopencm3_stm32f1.a(vector.o)
                              (reset_handler)
./libopencm3/lib/libopencm3_stm32f1.a(assert.o)
                              ./libopencm3/lib/libopencm3_stm32f1.a(rcc.o) (cm3_assert_failed)
./libopencm3/lib/libopencm3_stm32f1.a(flash.o)
                              ./libopencm3/lib/libopencm3_stm32f1.a(flash_common_f01.o) (flash_get_status_flags)
./libopencm3/lib/libopencm3_stm32f1.a(usb_fx07_common.o)
                              ./libopencm3/lib/libopencm3_stm32f1.a(usb_f107.o) (stm32fx07_set_address)
/opt/gcc-arm-none-eabi-6-2017-q1-update/bin/../lib/gcc/arm-none-eabi/6.3.1/../../../../arm-none-eabi/lib/thumb/v7-m/libc.a(lib_a-malloc.o)
                              usb_slave.o (malloc)
/opt/gcc-arm-none-eabi-6-2017-q1-update/bin/../lib/gcc/arm-none-eabi/6.3.1/../../../../arm-none-eabi/lib/thumb/v7-m/libc.a(lib_a-mallocr.o)
                              /opt/gcc-arm-none-eabi-6-2017-q1-update/bin/../lib/gcc/arm-none-eabi/6.3.1/../../../../arm-none-eabi/lib/thumb/v7-m/libc.a(lib_a-malloc.o) (_malloc_r)
/opt/gcc-arm-none-eabi-6-2017-q1-update/bin/../lib/gcc/arm-none-eabi/6.3.1/../../../../arm-none-eabi/lib/thumb/v7-m/libc.a(lib_a-memcpy.o)
                              ./libopencm3/lib/libopencm3_stm32f1.a(usb_standard.o) (memcpy)
/opt/gcc-arm-none-eabi-6-2017-q1-update/bin/../lib/gcc/arm-none-eabi/6.3.1/../../../../arm-none-eabi/lib/thumb/v7-m/libc.a(lib_a-mlock.o)
                              /opt/gcc-arm-none-eabi-6-2017-q1-update/bin/../lib/gcc/arm-none-eabi/6.3.1/../../../../arm-none-eabi/lib/thumb/v7-m/libc.a(lib_a-mallocr.o) (__malloc_lock)
/opt/gcc-arm-none-eabi-6-2017-q1-update/bin/../lib/gcc/arm-none-eabi/6.3.1/../../../../arm-none-eabi/lib/thumb/v7-m/libc.a(lib_a-sbrkr.o)
                              /opt/gcc-arm-none-eabi-6-2017-q1-update/bin/../lib/gcc/arm-none-eabi/6.3.1/../../../../arm-none-eabi/lib/thumb/v7-m/libc.a(lib_a-mallocr.o) (_sbrk_r)
/opt/gcc-arm-none-eabi-6-2017-q1-update/bin/../lib/gcc/arm-none-eabi/6.3.1/../../../../arm-none-eabi/lib/thumb/v7-m/libc.a(lib_a-strlen-stub.o)
                              ./libopencm3/lib/libopencm3_stm32f1.a(usb_standard.o) (strlen)
/opt/gcc-arm-none-eabi-6-2017-q1-update/bin/../lib/gcc/arm-none-eabi/6.3.1/../../../../arm-none-eabi/lib/thumb/v7-m/libc.a(lib_a-freer.o)
                              /opt/gcc-arm-none-eabi-6-2017-q1-update/bin/../lib/gcc/arm-none-eabi/6.3.1/../../../../arm-none-eabi/lib/thumb/v7-m/libc.a(lib_a-malloc.o) (_free_r)
/opt/gcc-arm-none-eabi-6-2017-q1-update/bin/../lib/gcc/arm-none-eabi/6.3.1/../../../../arm-none-eabi/lib/thumb/v7-m/libc.a(lib_a-impure.o)
                              /opt/gcc-arm-none-eabi-6-2017-q1-update/bin/../lib/gcc/arm-none-eabi/6.3.1/../../../../arm-none-eabi/lib/thumb/v7-m/libc.a(lib_a-malloc.o) (_impure_ptr)
/opt/gcc-arm-none-eabi-6-2017-q1-update/bin/../lib/gcc/arm-none-eabi/6.3.1/../../../../arm-none-eabi/lib/thumb/v7-m/libc.a(lib_a-lock.o)
                              /opt/gcc-arm-none-eabi-6-2017-q1-update/bin/../lib/gcc/arm-none-eabi/6.3.1/../../../../arm-none-eabi/lib/thumb/v7-m/libc.a(lib_a-mlock.o) (__retarget_lock_acquire_recursive)
/opt/gcc-arm-none-eabi-6-2017-q1-update/bin/../lib/gcc/arm-none-eabi/6.3.1/../../../../arm-none-eabi/lib/thumb/v7-m/libc.a(lib_a-reent.o)
                              /opt/gcc-arm-none-eabi-6-2017-q1-update/bin/../lib/gcc/arm-none-eabi/6.3.1/../../../../arm-none-eabi/lib/thumb/v7-m/libc.a(lib_a-sbrkr.o) (errno)
/opt/gcc-arm-none-eabi-6-2017-q1-update/bin/../lib/gcc/arm-none-eabi/6.3.1/../../../../arm-none-eabi/lib/thumb/v7-m/libnosys.a(sbrk.o)
                              /opt/gcc-arm-none-eabi-6-2017-q1-update/bin/../lib/gcc/arm-none-eabi/6.3.1/../../../../arm-none-eabi/lib/thumb/v7-m/libc.a(lib_a-sbrkr.o) (_sbrk)

Allocating common symbols
Common symbol       size              file

[...]
Memory Configuration

Name             Origin             Length             Attributes
rom              0x0000000008000000 0x0000000000010000 xr
ram              0x0000000020000000 0x0000000000005000 xrw
*default*        0x0000000000000000 0xffffffffffffffff

Linker script and memory map

LOAD i2c.o
LOAD usb_slave.o
LOAD ./libopencm3/lib/libopencm3_stm32f1.a
START GROUP
LOAD /opt/gcc-arm-none-eabi-6-2017-q1-update/bin/../lib/gcc/arm-none-eabi/6.3.1/../../../../arm-none-eabi/lib/thumb/v7-m/libc.a
LOAD /opt/gcc-arm-none-eabi-6-2017-q1-update/bin/../lib/gcc/arm-none-eabi/6.3.1/thumb/v7-m/libgcc.a
LOAD /opt/gcc-arm-none-eabi-6-2017-q1-update/bin/../lib/gcc/arm-none-eabi/6.3.1/../../../../arm-none-eabi/lib/thumb/v7-m/libnosys.a
END GROUP
START GROUP
LOAD /opt/gcc-arm-none-eabi-6-2017-q1-update/bin/../lib/gcc/arm-none-eabi/6.3.1/thumb/v7-m/libgcc.a
LOAD /opt/gcc-arm-none-eabi-6-2017-q1-update/bin/../lib/gcc/arm-none-eabi/6.3.1/../../../../arm-none-eabi/lib/thumb/v7-m/libc.a
END GROUP

.text           0x0000000008000000     0x24c8
 *(.vectors)
 .vectors       0x0000000008000000      0x150 ./libopencm3/lib/libopencm3_stm32f1.a(vector.o)
                0x0000000008000000                vector_table
 *(.text*)
 .text.i2c1_setup
                0x0000000008000150       0x58 i2c.o
                0x0000000008000150                i2c1_setup
 .text.i2c1_read
                0x00000000080001a8       0x8a i2c.o
                0x00000000080001a8                i2c1_read
 .text.i2c1_write
                0x0000000008000232       0x5e i2c.o
                0x0000000008000232                i2c1_write
 .text.vendorspec_control_request
                0x0000000008000290        0x4 usb_slave.o
 .text.ep83_data_tx_cb
                0x0000000008000294        0x2 usb_slave.o
 *fill*         0x0000000008000296        0x2 
 .text.vendorspec_set_config
                0x0000000008000298       0x68 usb_slave.o
 .text.ep3_int_rx_cb
                0x0000000008000300       0x18 usb_slave.o
 .text.ep82_data_tx_cb
                0x0000000008000318        0x2 usb_slave.o
 *fill*         0x000000000800031a        0x2 
 .text.reg_status
                0x000000000800031c       0x84 usb_slave.o
                0x000000000800031c                reg_status
 .text.led_status
                0x00000000080003a0       0x9c usb_slave.o
                0x00000000080003a0                led_status
 .text.set_reg  0x000000000800043c       0x78 usb_slave.o
                0x000000000800043c                set_reg
 .text.set_led  0x00000000080004b4      0x138 usb_slave.o
                0x00000000080004b4                set_led
 .text.ep1_data_rx_cb
                0x00000000080005ec       0x80 usb_slave.o
 .text.startup.main
                0x000000000800066c       0x7c usb_slave.o
                0x000000000800066c                main
 .text.gpio_set_mode
                0x00000000080006e8       0x64 ./libopencm3/lib/libopencm3_stm32f1.a(gpio.o)
                0x00000000080006e8                gpio_set_mode
 .text.rcc_osc_on.part.1
                0x000000000800074c       0x10 ./libopencm3/lib/libopencm3_stm32f1.a(rcc.o)
 .text.rcc_is_osc_ready
                0x000000000800075c       0x5c ./libopencm3/lib/libopencm3_stm32f1.a(rcc.o)
                0x000000000800075c                rcc_is_osc_ready
 .text.rcc_wait_for_osc_ready
                0x00000000080007b8       0x10 ./libopencm3/lib/libopencm3_stm32f1.a(rcc.o)
                0x00000000080007b8                rcc_wait_for_osc_ready
 .text.rcc_osc_on
                0x00000000080007c8       0x54 ./libopencm3/lib/libopencm3_stm32f1.a(rcc.o)
                0x00000000080007c8                rcc_osc_on
 .text.rcc_set_sysclk_source
                0x000000000800081c       0x14 ./libopencm3/lib/libopencm3_stm32f1.a(rcc.o)
                0x000000000800081c                rcc_set_sysclk_source
 .text.rcc_set_pll_multiplication_factor
                0x0000000008000830       0x14 ./libopencm3/lib/libopencm3_stm32f1.a(rcc.o)
                0x0000000008000830                rcc_set_pll_multiplication_factor
 .text.rcc_set_pll2_multiplication_factor
                0x0000000008000844       0x14 ./libopencm3/lib/libopencm3_stm32f1.a(rcc.o)
                0x0000000008000844                rcc_set_pll2_multiplication_factor
 .text.rcc_set_pll_source
                0x0000000008000858       0x14 ./libopencm3/lib/libopencm3_stm32f1.a(rcc.o)
                0x0000000008000858                rcc_set_pll_source
 .text.rcc_set_pllxtpre
                0x000000000800086c       0x14 ./libopencm3/lib/libopencm3_stm32f1.a(rcc.o)
                0x000000000800086c                rcc_set_pllxtpre
 .text.rcc_set_adcpre
                0x0000000008000880       0x14 ./libopencm3/lib/libopencm3_stm32f1.a(rcc.o)
                0x0000000008000880                rcc_set_adcpre
 .text.rcc_set_ppre2
                0x0000000008000894       0x14 ./libopencm3/lib/libopencm3_stm32f1.a(rcc.o)
                0x0000000008000894                rcc_set_ppre2
 .text.rcc_set_ppre1
                0x00000000080008a8       0x14 ./libopencm3/lib/libopencm3_stm32f1.a(rcc.o)
                0x00000000080008a8                rcc_set_ppre1
 .text.rcc_set_hpre
                0x00000000080008bc       0x14 ./libopencm3/lib/libopencm3_stm32f1.a(rcc.o)
                0x00000000080008bc                rcc_set_hpre
 .text.rcc_set_usbpre
                0x00000000080008d0       0x18 ./libopencm3/lib/libopencm3_stm32f1.a(rcc.o)
                0x00000000080008d0                rcc_set_usbpre
 .text.rcc_set_prediv1
                0x00000000080008e8       0x14 ./libopencm3/lib/libopencm3_stm32f1.a(rcc.o)
                0x00000000080008e8                rcc_set_prediv1
 .text.rcc_set_prediv2
                0x00000000080008fc       0x14 ./libopencm3/lib/libopencm3_stm32f1.a(rcc.o)
                0x00000000080008fc                rcc_set_prediv2
 .text.rcc_clock_setup_in_hse_25mhz_out_72mhz
                0x0000000008000910       0xac ./libopencm3/lib/libopencm3_stm32f1.a(rcc.o)
                0x0000000008000910                rcc_clock_setup_in_hse_25mhz_out_72mhz
 .text.i2c_peripheral_enable
                0x00000000080009bc        0xa ./libopencm3/lib/libopencm3_stm32f1.a(i2c_common_v1.o)
                0x00000000080009bc                i2c_peripheral_enable
 .text.i2c_peripheral_disable
                0x00000000080009c6        0xa ./libopencm3/lib/libopencm3_stm32f1.a(i2c_common_v1.o)
                0x00000000080009c6                i2c_peripheral_disable
 .text.i2c_send_start
                0x00000000080009d0        0xa ./libopencm3/lib/libopencm3_stm32f1.a(i2c_common_v1.o)
                0x00000000080009d0                i2c_send_start
 .text.i2c_send_stop
                0x00000000080009da        0xa ./libopencm3/lib/libopencm3_stm32f1.a(i2c_common_v1.o)
                0x00000000080009da                i2c_send_stop
 .text.i2c_set_clock_frequency
                0x00000000080009e4        0xe ./libopencm3/lib/libopencm3_stm32f1.a(i2c_common_v1.o)
                0x00000000080009e4                i2c_set_clock_frequency
 .text.i2c_send_data
                0x00000000080009f2        0x4 ./libopencm3/lib/libopencm3_stm32f1.a(i2c_common_v1.o)
                0x00000000080009f2                i2c_send_data
 .text.i2c_set_standard_mode
                0x00000000080009f6        0xa ./libopencm3/lib/libopencm3_stm32f1.a(i2c_common_v1.o)
                0x00000000080009f6                i2c_set_standard_mode
 .text.i2c_set_ccr
                0x0000000008000a00        0xc ./libopencm3/lib/libopencm3_stm32f1.a(i2c_common_v1.o)
                0x0000000008000a00                i2c_set_ccr
 .text.i2c_set_trise
                0x0000000008000a0c        0x4 ./libopencm3/lib/libopencm3_stm32f1.a(i2c_common_v1.o)
                0x0000000008000a0c                i2c_set_trise
 .text.rcc_periph_clock_enable
                0x0000000008000a10       0x1a ./libopencm3/lib/libopencm3_stm32f1.a(rcc_common_all.o)
                0x0000000008000a10                rcc_periph_clock_enable
 *fill*         0x0000000008000a2a        0x2 
 .text.flash_set_ws
                0x0000000008000a2c       0x14 ./libopencm3/lib/libopencm3_stm32f1.a(flash_common_f01.o)
                0x0000000008000a2c                flash_set_ws
 .text.usbd_init
                0x0000000008000a40       0x58 ./libopencm3/lib/libopencm3_stm32f1.a(usb.o)
                0x0000000008000a40                usbd_init
 .text.usbd_poll
                0x0000000008000a98        0x8 ./libopencm3/lib/libopencm3_stm32f1.a(usb.o)
                0x0000000008000a98                usbd_poll
 .text.usbd_ep_setup
                0x0000000008000aa0       0x10 ./libopencm3/lib/libopencm3_stm32f1.a(usb.o)
                0x0000000008000aa0                usbd_ep_setup
 .text._usbd_reset
                0x0000000008000ab0       0x34 ./libopencm3/lib/libopencm3_stm32f1.a(usb.o)
                0x0000000008000ab0                _usbd_reset
 .text.usbd_ep_write_packet
                0x0000000008000ae4       0x10 ./libopencm3/lib/libopencm3_stm32f1.a(usb.o)
                0x0000000008000ae4                usbd_ep_write_packet
 .text.usbd_ep_read_packet
                0x0000000008000af4       0x10 ./libopencm3/lib/libopencm3_stm32f1.a(usb.o)
                0x0000000008000af4                usbd_ep_read_packet
 .text.usbd_ep_stall_set
                0x0000000008000b04        0x8 ./libopencm3/lib/libopencm3_stm32f1.a(usb.o)
                0x0000000008000b04                usbd_ep_stall_set
 .text.usbd_ep_stall_get
                0x0000000008000b0c        0x8 ./libopencm3/lib/libopencm3_stm32f1.a(usb.o)
                0x0000000008000b0c                usbd_ep_stall_get
 .text.stall_transaction
                0x0000000008000b14       0x14 ./libopencm3/lib/libopencm3_stm32f1.a(usb_control.o)
 .text.usb_control_recv_chunk
                0x0000000008000b28       0x3a ./libopencm3/lib/libopencm3_stm32f1.a(usb_control.o)
 .text.usb_control_send_chunk
                0x0000000008000b62       0x52 ./libopencm3/lib/libopencm3_stm32f1.a(usb_control.o)
 .text.usb_control_request_dispatch
                0x0000000008000bb4       0x5c ./libopencm3/lib/libopencm3_stm32f1.a(usb_control.o)
 .text.usb_control_setup_read
                0x0000000008000c10       0x66 ./libopencm3/lib/libopencm3_stm32f1.a(usb_control.o)
 .text.usbd_register_control_callback
                0x0000000008000c76       0x26 ./libopencm3/lib/libopencm3_stm32f1.a(usb_control.o)
                0x0000000008000c76                usbd_register_control_callback
 .text._usbd_control_setup
                0x0000000008000c9c       0x5a ./libopencm3/lib/libopencm3_stm32f1.a(usb_control.o)
                0x0000000008000c9c                _usbd_control_setup
 .text._usbd_control_out
                0x0000000008000cf6       0x86 ./libopencm3/lib/libopencm3_stm32f1.a(usb_control.o)
                0x0000000008000cf6                _usbd_control_out
 .text._usbd_control_in
                0x0000000008000d7c       0x56 ./libopencm3/lib/libopencm3_stm32f1.a(usb_control.o)
                0x0000000008000d7c                _usbd_control_in
 .text.usb_standard_set_configuration
                0x0000000008000dd2       0x92 ./libopencm3/lib/libopencm3_stm32f1.a(usb_standard.o)
 .text.usb_standard_get_configuration
                0x0000000008000e64       0x22 ./libopencm3/lib/libopencm3_stm32f1.a(usb_standard.o)
 .text.usb_standard_get_interface
                0x0000000008000e86       0x34 ./libopencm3/lib/libopencm3_stm32f1.a(usb_standard.o)
 .text.usb_standard_device_get_status
                0x0000000008000eba       0x18 ./libopencm3/lib/libopencm3_stm32f1.a(usb_standard.o)
 .text.usb_standard_interface_get_status
                0x0000000008000ed2       0x18 ./libopencm3/lib/libopencm3_stm32f1.a(usb_standard.o)
 .text.usb_standard_endpoint_get_status
                0x0000000008000eea       0x2a ./libopencm3/lib/libopencm3_stm32f1.a(usb_standard.o)
 .text.usb_standard_endpoint_stall
                0x0000000008000f14       0x10 ./libopencm3/lib/libopencm3_stm32f1.a(usb_standard.o)
 .text.usb_standard_endpoint_unstall
                0x0000000008000f24       0x10 ./libopencm3/lib/libopencm3_stm32f1.a(usb_standard.o)
 .text.usb_standard_set_address
                0x0000000008000f34       0x2a ./libopencm3/lib/libopencm3_stm32f1.a(usb_standard.o)
 .text.usb_standard_set_interface
                0x0000000008000f5e       0x4c ./libopencm3/lib/libopencm3_stm32f1.a(usb_standard.o)
 .text.usb_standard_get_descriptor
                0x0000000008000faa      0x25e ./libopencm3/lib/libopencm3_stm32f1.a(usb_standard.o)
 .text.usbd_register_set_config_callback
                0x0000000008001208       0x24 ./libopencm3/lib/libopencm3_stm32f1.a(usb_standard.o)
                0x0000000008001208                usbd_register_set_config_callback
 .text._usbd_standard_request_device
                0x000000000800122c       0x20 ./libopencm3/lib/libopencm3_stm32f1.a(usb_standard.o)
                0x000000000800122c                _usbd_standard_request_device
 .text._usbd_standard_request_interface
                0x000000000800124c       0x20 ./libopencm3/lib/libopencm3_stm32f1.a(usb_standard.o)
                0x000000000800124c                _usbd_standard_request_interface
 .text._usbd_standard_request_endpoint
                0x000000000800126c       0x3c ./libopencm3/lib/libopencm3_stm32f1.a(usb_standard.o)
                0x000000000800126c                _usbd_standard_request_endpoint
 .text._usbd_standard_request
                0x00000000080012a8       0x34 ./libopencm3/lib/libopencm3_stm32f1.a(usb_standard.o)
                0x00000000080012a8                _usbd_standard_request
 .text.stm32f107_usbd_init
                0x00000000080012dc       0xd0 ./libopencm3/lib/libopencm3_stm32f1.a(usb_f107.o)
 .text.blocking_handler
                0x00000000080013ac        0x2 ./libopencm3/lib/libopencm3_stm32f1.a(vector.o)
                0x00000000080013ac                usart3_isr
                0x00000000080013ac                rtc_isr
                0x00000000080013ac                tim7_isr
                0x00000000080013ac                adc1_2_isr
                0x00000000080013ac                tim1_trg_com_isr
                0x00000000080013ac                usb_hp_can_tx_isr
                0x00000000080013ac                tim6_isr
                0x00000000080013ac                usb_wakeup_isr
                0x00000000080013ac                blocking_handler
                0x00000000080013ac                tim5_isr
                0x00000000080013ac                otg_fs_isr
                0x00000000080013ac                spi1_isr
                0x00000000080013ac                dma1_channel6_isr
                0x00000000080013ac                exti2_isr
                0x00000000080013ac                can_rx1_isr
                0x00000000080013ac                dma1_channel5_isr
                0x00000000080013ac                dma2_channel5_isr
                0x00000000080013ac                usart1_isr
                0x00000000080013ac                usage_fault_handler
                0x00000000080013ac                tim8_trg_com_isr
                0x00000000080013ac                can2_rx0_isr
                0x00000000080013ac                tim1_brk_isr
                0x00000000080013ac                can2_rx1_isr
                0x00000000080013ac                tim1_cc_isr
                0x00000000080013ac                sdio_isr
                0x00000000080013ac                eth_isr
                0x00000000080013ac                dma1_channel4_isr
                0x00000000080013ac                tim8_brk_isr
                0x00000000080013ac                dma2_channel4_5_isr
                0x00000000080013ac                pvd_isr
                0x00000000080013ac                rcc_isr
                0x00000000080013ac                flash_isr
                0x00000000080013ac                uart4_isr
                0x00000000080013ac                rtc_alarm_isr
                0x00000000080013ac                exti15_10_isr
                0x00000000080013ac                hard_fault_handler
                0x00000000080013ac                exti1_isr
                0x00000000080013ac                i2c1_ev_isr
                0x00000000080013ac                dma2_channel1_isr
                0x00000000080013ac                spi2_isr
                0x00000000080013ac                tim8_up_isr
                0x00000000080013ac                dma2_channel2_isr
                0x00000000080013ac                adc3_isr
                0x00000000080013ac                exti3_isr
                0x00000000080013ac                tim3_isr
                0x00000000080013ac                usart2_isr
                0x00000000080013ac                usb_lp_can_rx0_isr
                0x00000000080013ac                i2c2_er_isr
                0x00000000080013ac                i2c2_ev_isr
                0x00000000080013ac                uart5_isr
                0x00000000080013ac                fsmc_isr
                0x00000000080013ac                dma1_channel1_isr
                0x00000000080013ac                exti4_isr
                0x00000000080013ac                mem_manage_handler
                0x00000000080013ac                can2_tx_isr
                0x00000000080013ac                exti9_5_isr
                0x00000000080013ac                dma2_channel3_isr
                0x00000000080013ac                dma1_channel7_isr
                0x00000000080013ac                tim1_up_isr
                0x00000000080013ac                can2_sce_isr
                0x00000000080013ac                tim4_isr
                0x00000000080013ac                dma1_channel2_isr
                0x00000000080013ac                i2c1_er_isr
                0x00000000080013ac                can_sce_isr
                0x00000000080013ac                tim8_cc_isr
                0x00000000080013ac                tamper_isr
                0x00000000080013ac                eth_wkup_isr
                0x00000000080013ac                bus_fault_handler
                0x00000000080013ac                wwdg_isr
                0x00000000080013ac                dma1_channel3_isr
                0x00000000080013ac                spi3_isr
                0x00000000080013ac                tim2_isr
                0x00000000080013ac                exti0_isr
 .text.null_handler
                0x00000000080013ae        0x2 ./libopencm3/lib/libopencm3_stm32f1.a(vector.o)
                0x00000000080013ae                null_handler
                0x00000000080013ae                sv_call_handler
                0x00000000080013ae                pend_sv_handler
                0x00000000080013ae                debug_monitor_handler
                0x00000000080013ae                sys_tick_handler
                0x00000000080013ae                nmi_handler
 .text.reset_handler
                0x00000000080013b0       0x90 ./libopencm3/lib/libopencm3_stm32f1.a(vector.o)
                0x00000000080013b0                reset_handler
 .text.stm32fx07_set_address
                0x0000000008001440       0x18 ./libopencm3/lib/libopencm3_stm32f1.a(usb_fx07_common.o)
                0x0000000008001440                stm32fx07_set_address
 .text.stm32fx07_ep_setup
                0x0000000008001458      0x142 ./libopencm3/lib/libopencm3_stm32f1.a(usb_fx07_common.o)
                0x0000000008001458                stm32fx07_ep_setup
 .text.stm32fx07_endpoints_reset
                0x000000000800159a       0x48 ./libopencm3/lib/libopencm3_stm32f1.a(usb_fx07_common.o)
                0x000000000800159a                stm32fx07_endpoints_reset
 .text.stm32fx07_ep_stall_set
                0x00000000080015e2       0x4e ./libopencm3/lib/libopencm3_stm32f1.a(usb_fx07_common.o)
                0x00000000080015e2                stm32fx07_ep_stall_set
 .text.stm32fx07_ep_stall_get
                0x0000000008001630       0x1e ./libopencm3/lib/libopencm3_stm32f1.a(usb_fx07_common.o)
                0x0000000008001630                stm32fx07_ep_stall_get
 .text.stm32fx07_ep_nak_set
                0x000000000800164e       0x2a ./libopencm3/lib/libopencm3_stm32f1.a(usb_fx07_common.o)
                0x000000000800164e                stm32fx07_ep_nak_set
 .text.stm32fx07_ep_write_packet
                0x0000000008001678       0x4c ./libopencm3/lib/libopencm3_stm32f1.a(usb_fx07_common.o)
                0x0000000008001678                stm32fx07_ep_write_packet
 .text.stm32fx07_ep_read_packet
                0x00000000080016c4       0x60 ./libopencm3/lib/libopencm3_stm32f1.a(usb_fx07_common.o)
                0x00000000080016c4                stm32fx07_ep_read_packet
 .text.stm32fx07_poll
                0x0000000008001724      0x1bc ./libopencm3/lib/libopencm3_stm32f1.a(usb_fx07_common.o)
                0x0000000008001724                stm32fx07_poll
 .text.stm32fx07_disconnect
                0x00000000080018e0       0x1c ./libopencm3/lib/libopencm3_stm32f1.a(usb_fx07_common.o)
                0x00000000080018e0                stm32fx07_disconnect
 .text.malloc   0x00000000080018fc       0x10 /opt/gcc-arm-none-eabi-6-2017-q1-update/bin/../lib/gcc/arm-none-eabi/6.3.1/../../../../arm-none-eabi/lib/thumb/v7-m/libc.a(lib_a-malloc.o)
                0x00000000080018fc                malloc
 .text._malloc_r
                0x000000000800190c      0x544 /opt/gcc-arm-none-eabi-6-2017-q1-update/bin/../lib/gcc/arm-none-eabi/6.3.1/../../../../arm-none-eabi/lib/thumb/v7-m/libc.a(lib_a-mallocr.o)
                0x000000000800190c                _malloc_r
 .text          0x0000000008001e50       0xec /opt/gcc-arm-none-eabi-6-2017-q1-update/bin/../lib/gcc/arm-none-eabi/6.3.1/../../../../arm-none-eabi/lib/thumb/v7-m/libc.a(lib_a-memcpy.o)
                0x0000000008001e50                memcpy
 .text.__malloc_lock
                0x0000000008001f3c        0xc /opt/gcc-arm-none-eabi-6-2017-q1-update/bin/../lib/gcc/arm-none-eabi/6.3.1/../../../../arm-none-eabi/lib/thumb/v7-m/libc.a(lib_a-mlock.o)
                0x0000000008001f3c                __malloc_lock
 .text.__malloc_unlock
                0x0000000008001f48        0xc /opt/gcc-arm-none-eabi-6-2017-q1-update/bin/../lib/gcc/arm-none-eabi/6.3.1/../../../../arm-none-eabi/lib/thumb/v7-m/libc.a(lib_a-mlock.o)
                0x0000000008001f48                __malloc_unlock
 .text._sbrk_r  0x0000000008001f54       0x24 /opt/gcc-arm-none-eabi-6-2017-q1-update/bin/../lib/gcc/arm-none-eabi/6.3.1/../../../../arm-none-eabi/lib/thumb/v7-m/libc.a(lib_a-sbrkr.o)
                0x0000000008001f54                _sbrk_r
 .text.strlen   0x0000000008001f78       0x5c /opt/gcc-arm-none-eabi-6-2017-q1-update/bin/../lib/gcc/arm-none-eabi/6.3.1/../../../../arm-none-eabi/lib/thumb/v7-m/libc.a(lib_a-strlen-stub.o)
                0x0000000008001f78                strlen
 .text._malloc_trim_r
                0x0000000008001fd4       0xa0 /opt/gcc-arm-none-eabi-6-2017-q1-update/bin/../lib/gcc/arm-none-eabi/6.3.1/../../../../arm-none-eabi/lib/thumb/v7-m/libc.a(lib_a-freer.o)
                0x0000000008001fd4                _malloc_trim_r
 .text._free_r  0x0000000008002074      0x1cc /opt/gcc-arm-none-eabi-6-2017-q1-update/bin/../lib/gcc/arm-none-eabi/6.3.1/../../../../arm-none-eabi/lib/thumb/v7-m/libc.a(lib_a-freer.o)
                0x0000000008002074                _free_r
 .text.__retarget_lock_acquire_recursive
                0x0000000008002240        0x4 /opt/gcc-arm-none-eabi-6-2017-q1-update/bin/../lib/gcc/arm-none-eabi/6.3.1/../../../../arm-none-eabi/lib/thumb/v7-m/libc.a(lib_a-lock.o)
                0x0000000008002240                __retarget_lock_acquire_recursive
 .text.__retarget_lock_release_recursive
                0x0000000008002244        0x4 /opt/gcc-arm-none-eabi-6-2017-q1-update/bin/../lib/gcc/arm-none-eabi/6.3.1/../../../../arm-none-eabi/lib/thumb/v7-m/libc.a(lib_a-lock.o)
                0x0000000008002244                __retarget_lock_release_recursive
 .text._sbrk    0x0000000008002248       0x1c /opt/gcc-arm-none-eabi-6-2017-q1-update/bin/../lib/gcc/arm-none-eabi/6.3.1/../../../../arm-none-eabi/lib/thumb/v7-m/libnosys.a(sbrk.o)
                0x0000000008002248                _sbrk
                0x0000000008002264                . = ALIGN (0x4)
 *(.rodata*)
 .rodata.bulk_endp
                0x0000000008002264       0x2d usb_slave.o
 .rodata.bulk_iface
                0x0000000008002291       0x15 usb_slave.o
 .rodata.config
                0x00000000080022a6        0xd usb_slave.o
 .rodata.dev    0x00000000080022b3       0x12 usb_slave.o
 *fill*         0x00000000080022c5        0x3 
 .rodata.ifaces
                0x00000000080022c8       0x20 usb_slave.o
 .rodata.int_endp
                0x00000000080022e8        0xf usb_slave.o
 .rodata.int_iface
                0x00000000080022f7       0x15 usb_slave.o
 .rodata.led_status.str1.1
                0x000000000800230c       0x67 usb_slave.o
 .rodata.reg_status.str1.1
                0x0000000008002373       0x3c usb_slave.o
 .rodata.set_led.str1.1
                0x00000000080023af       0x13 usb_slave.o
 .rodata.set_reg.str1.1
                0x00000000080023c2       0x50 usb_slave.o
 .rodata.str1.1
                0x0000000008002412       0x27 usb_slave.o
 *fill*         0x0000000008002439        0x3 
 .rodata.CSWTCH.24
                0x000000000800243c       0x28 ./libopencm3/lib/libopencm3_stm32f1.a(usb_standard.o)
 .rodata.CSWTCH.26
                0x0000000008002464       0x30 ./libopencm3/lib/libopencm3_stm32f1.a(usb_standard.o)
 .rodata.stm32f107_usb_driver
                0x0000000008002494       0x34 ./libopencm3/lib/libopencm3_stm32f1.a(usb_f107.o)
                0x0000000008002494                stm32f107_usb_driver
                0x00000000080024c8                . = ALIGN (0x4)

.glue_7         0x00000000080024c8        0x0
 .glue_7        0x00000000080024c8        0x0 linker stubs

.glue_7t        0x00000000080024c8        0x0
 .glue_7t       0x00000000080024c8        0x0 linker stubs

.vfp11_veneer   0x00000000080024c8        0x0
 .vfp11_veneer  0x00000000080024c8        0x0 linker stubs

.v4_bx          0x00000000080024c8        0x0
 .v4_bx         0x00000000080024c8        0x0 linker stubs

.iplt           0x00000000080024c8        0x0
 .iplt          0x00000000080024c8        0x0 i2c.o

.rel.dyn        0x00000000080024c8        0x0
 .rel.iplt      0x00000000080024c8        0x0 i2c.o

.preinit_array  0x00000000080024c8        0x0
                0x00000000080024c8                . = ALIGN (0x4)
                0x00000000080024c8                __preinit_array_start = .
 *(.preinit_array)
                0x00000000080024c8                __preinit_array_end = .

.init_array     0x00000000080024c8        0x0
                0x00000000080024c8                . = ALIGN (0x4)
                0x00000000080024c8                __init_array_start = .
 *(SORT(.init_array.*))
 *(.init_array)
                0x00000000080024c8                __init_array_end = .

.fini_array     0x00000000080024c8        0x0
                0x00000000080024c8                . = ALIGN (0x4)
                0x00000000080024c8                __fini_array_start = .
 *(.fini_array)
 *(SORT(.fini_array.*))
                0x00000000080024c8                __fini_array_end = .

.ARM.extab
 *(.ARM.extab*)

.ARM.exidx      0x00000000080024c8        0x0
                0x00000000080024c8                __exidx_start = .
 *(.ARM.exidx*)
                0x00000000080024c8                __exidx_end = .
                0x00000000080024c8                . = ALIGN (0x4)
                0x00000000080024c8                _etext = .

.data           0x0000000020000000      0x858 load address 0x00000000080024c8
                0x0000000020000000                _data = .
 *(.data*)
 .data.usb_strings
                0x0000000020000000        0xc usb_slave.o
 .data.rcc_ahb_frequency
                0x000000002000000c        0x4 ./libopencm3/lib/libopencm3_stm32f1.a(rcc.o)
                0x000000002000000c                rcc_ahb_frequency
 .data.rcc_apb1_frequency
                0x0000000020000010        0x4 ./libopencm3/lib/libopencm3_stm32f1.a(rcc.o)
                0x0000000020000010                rcc_apb1_frequency
 .data.rcc_apb2_frequency
                0x0000000020000014        0x4 ./libopencm3/lib/libopencm3_stm32f1.a(rcc.o)
                0x0000000020000014                rcc_apb2_frequency
 .data.__malloc_av_
                0x0000000020000018      0x408 /opt/gcc-arm-none-eabi-6-2017-q1-update/bin/../lib/gcc/arm-none-eabi/6.3.1/../../../../arm-none-eabi/lib/thumb/v7-m/libc.a(lib_a-mallocr.o)
                0x0000000020000018                __malloc_av_
 .data.__malloc_sbrk_base
                0x0000000020000420        0x4 /opt/gcc-arm-none-eabi-6-2017-q1-update/bin/../lib/gcc/arm-none-eabi/6.3.1/../../../../arm-none-eabi/lib/thumb/v7-m/libc.a(lib_a-mallocr.o)
                0x0000000020000420                __malloc_sbrk_base
 .data.__malloc_trim_threshold
                0x0000000020000424        0x4 /opt/gcc-arm-none-eabi-6-2017-q1-update/bin/../lib/gcc/arm-none-eabi/6.3.1/../../../../arm-none-eabi/lib/thumb/v7-m/libc.a(lib_a-mallocr.o)
                0x0000000020000424                __malloc_trim_threshold
 .data._impure_ptr
                0x0000000020000428        0x4 /opt/gcc-arm-none-eabi-6-2017-q1-update/bin/../lib/gcc/arm-none-eabi/6.3.1/../../../../arm-none-eabi/lib/thumb/v7-m/libc.a(lib_a-impure.o)
                0x0000000020000428                _impure_ptr
 *fill*         0x000000002000042c        0x4 
 .data.impure_data
                0x0000000020000430      0x428 /opt/gcc-arm-none-eabi-6-2017-q1-update/bin/../lib/gcc/arm-none-eabi/6.3.1/../../../../arm-none-eabi/lib/thumb/v7-m/libc.a(lib_a-impure.o)
                0x0000000020000858                . = ALIGN (0x4)
                0x0000000020000858                _edata = .
                0x00000000080024c8                _data_loadaddr = LOADADDR (.data)

.igot.plt       0x0000000020000858        0x0 load address 0x0000000008002d20
 .igot.plt      0x0000000020000858        0x0 i2c.o

.bss            0x0000000020000858      0x224 load address 0x0000000008002d20
 *(.bss*)
 .bss.buf       0x0000000020000858       0x40 usb_slave.o
                0x0000000020000858                buf
 .bss.message   0x0000000020000898        0x4 usb_slave.o
                0x0000000020000898                message
 .bss.temp      0x000000002000089c        0x1 usb_slave.o
                0x000000002000089c                temp
 .bss.usbd_control_buffer
                0x000000002000089d       0x80 usb_slave.o
                0x000000002000089d                usbd_control_buffer
 *fill*         0x000000002000091d        0x3 
 .bss.usbd_dev  0x0000000020000920       0xfc ./libopencm3/lib/libopencm3_stm32f1.a(usb_f107.o)
 .bss.__malloc_current_mallinfo
                0x0000000020000a1c       0x28 /opt/gcc-arm-none-eabi-6-2017-q1-update/bin/../lib/gcc/arm-none-eabi/6.3.1/../../../../arm-none-eabi/lib/thumb/v7-m/libc.a(lib_a-mallocr.o)
                0x0000000020000a1c                __malloc_current_mallinfo
 .bss.__malloc_max_sbrked_mem
                0x0000000020000a44        0x4 /opt/gcc-arm-none-eabi-6-2017-q1-update/bin/../lib/gcc/arm-none-eabi/6.3.1/../../../../arm-none-eabi/lib/thumb/v7-m/libc.a(lib_a-mallocr.o)
                0x0000000020000a44                __malloc_max_sbrked_mem
 .bss.__malloc_max_total_mem
                0x0000000020000a48        0x4 /opt/gcc-arm-none-eabi-6-2017-q1-update/bin/../lib/gcc/arm-none-eabi/6.3.1/../../../../arm-none-eabi/lib/thumb/v7-m/libc.a(lib_a-mallocr.o)
                0x0000000020000a48                __malloc_max_total_mem
 .bss.__malloc_top_pad
                0x0000000020000a4c        0x4 /opt/gcc-arm-none-eabi-6-2017-q1-update/bin/../lib/gcc/arm-none-eabi/6.3.1/../../../../arm-none-eabi/lib/thumb/v7-m/libc.a(lib_a-mallocr.o)
                0x0000000020000a4c                __malloc_top_pad
 .bss.heap_end.4116
                0x0000000020000a50        0x4 /opt/gcc-arm-none-eabi-6-2017-q1-update/bin/../lib/gcc/arm-none-eabi/6.3.1/../../../../arm-none-eabi/lib/thumb/v7-m/libnosys.a(sbrk.o)
 *(COMMON)
 COMMON         0x0000000020000a54       0x21 /opt/gcc-arm-none-eabi-6-2017-q1-update/bin/../lib/gcc/arm-none-eabi/6.3.1/../../../../arm-none-eabi/lib/thumb/v7-m/libc.a(lib_a-lock.o)
                0x0000000020000a54                __lock___atexit_recursive_mutex
                0x0000000020000a58                __lock___arc4random_mutex
                0x0000000020000a5c                __lock___env_recursive_mutex
                0x0000000020000a60                __lock___sinit_recursive_mutex
                0x0000000020000a64                __lock___malloc_recursive_mutex
                0x0000000020000a68                __lock___at_quick_exit_mutex
                0x0000000020000a6c                __lock___dd_hash_mutex
                0x0000000020000a70                __lock___tz_mutex
                0x0000000020000a74                __lock___sfp_recursive_mutex
 *fill*         0x0000000020000a75        0x3 
 COMMON         0x0000000020000a78        0x4 /opt/gcc-arm-none-eabi-6-2017-q1-update/bin/../lib/gcc/arm-none-eabi/6.3.1/../../../../arm-none-eabi/lib/thumb/v7-m/libc.a(lib_a-reent.o)
                0x0000000020000a78                errno
                0x0000000020000a7c                . = ALIGN (0x4)
                0x0000000020000a7c                _ebss = .

/DISCARD/
 *(.eh_frame)
                0x0000000020000a7c                . = ALIGN (0x4)
                0x0000000020000a7c                end = .
                0x0000000020005000                PROVIDE (_stack, (ORIGIN (ram) + LENGTH (ram)))
OUTPUT(usb_slave.elf elf32-littlearm)

.debug_info     0x0000000000000000     0x8f50
 .debug_info    0x0000000000000000      0x580 i2c.o
 .debug_info    0x0000000000000580     0x181b usb_slave.o
 .debug_info    0x0000000000001d9b      0x1df ./libopencm3/lib/libopencm3_stm32f1.a(gpio.o)
 .debug_info    0x0000000000001f7a     0x1147 ./libopencm3/lib/libopencm3_stm32f1.a(rcc.o)
 .debug_info    0x00000000000030c1      0xa2c ./libopencm3/lib/libopencm3_stm32f1.a(i2c_common_v1.o)
 .debug_info    0x0000000000003aed      0x53a ./libopencm3/lib/libopencm3_stm32f1.a(rcc_common_all.o)
 .debug_info    0x0000000000004027      0x27f ./libopencm3/lib/libopencm3_stm32f1.a(flash_common_f01.o)
 .debug_info    0x00000000000042a6      0xda2 ./libopencm3/lib/libopencm3_stm32f1.a(usb.o)
 .debug_info    0x0000000000005048      0xf1b ./libopencm3/lib/libopencm3_stm32f1.a(usb_control.o)
 .debug_info    0x0000000000005f63     0x14d3 ./libopencm3/lib/libopencm3_stm32f1.a(usb_standard.o)
 .debug_info    0x0000000000007436      0xb1a ./libopencm3/lib/libopencm3_stm32f1.a(usb_f107.o)
 .debug_info    0x0000000000007f50      0x2a0 ./libopencm3/lib/libopencm3_stm32f1.a(vector.o)
 .debug_info    0x00000000000081f0      0xd60 ./libopencm3/lib/libopencm3_stm32f1.a(usb_fx07_common.o)

.debug_abbrev   0x0000000000000000     0x1b3a
 .debug_abbrev  0x0000000000000000      0x126 i2c.o
 .debug_abbrev  0x0000000000000126      0x41c usb_slave.o
 .debug_abbrev  0x0000000000000542       0xb7 ./libopencm3/lib/libopencm3_stm32f1.a(gpio.o)
 .debug_abbrev  0x00000000000005f9      0x291 ./libopencm3/lib/libopencm3_stm32f1.a(rcc.o)
 .debug_abbrev  0x000000000000088a      0x27f ./libopencm3/lib/libopencm3_stm32f1.a(i2c_common_v1.o)
 .debug_abbrev  0x0000000000000b09       0xc1 ./libopencm3/lib/libopencm3_stm32f1.a(rcc_common_all.o)
 .debug_abbrev  0x0000000000000bca       0xe7 ./libopencm3/lib/libopencm3_stm32f1.a(flash_common_f01.o)
 .debug_abbrev  0x0000000000000cb1      0x1ee ./libopencm3/lib/libopencm3_stm32f1.a(usb.o)
 .debug_abbrev  0x0000000000000e9f      0x33d ./libopencm3/lib/libopencm3_stm32f1.a(usb_control.o)
 .debug_abbrev  0x00000000000011dc      0x40c ./libopencm3/lib/libopencm3_stm32f1.a(usb_standard.o)
 .debug_abbrev  0x00000000000015e8      0x156 ./libopencm3/lib/libopencm3_stm32f1.a(usb_f107.o)
 .debug_abbrev  0x000000000000173e      0x138 ./libopencm3/lib/libopencm3_stm32f1.a(vector.o)
 .debug_abbrev  0x0000000000001876      0x2c4 ./libopencm3/lib/libopencm3_stm32f1.a(usb_fx07_common.o)

.debug_loc      0x0000000000000000     0x331b
 .debug_loc     0x0000000000000000       0xfa i2c.o
 .debug_loc     0x00000000000000fa      0x248 usb_slave.o
 .debug_loc     0x0000000000000342      0x19f ./libopencm3/lib/libopencm3_stm32f1.a(gpio.o)
 .debug_loc     0x00000000000004e1      0x3f2 ./libopencm3/lib/libopencm3_stm32f1.a(rcc.o)
 .debug_loc     0x00000000000008d3      0x483 ./libopencm3/lib/libopencm3_stm32f1.a(i2c_common_v1.o)
 .debug_loc     0x0000000000000d56      0x14a ./libopencm3/lib/libopencm3_stm32f1.a(rcc_common_all.o)
 .debug_loc     0x0000000000000ea0       0xd3 ./libopencm3/lib/libopencm3_stm32f1.a(flash_common_f01.o)
 .debug_loc     0x0000000000000f73      0x4b1 ./libopencm3/lib/libopencm3_stm32f1.a(usb.o)
 .debug_loc     0x0000000000001424      0x5c7 ./libopencm3/lib/libopencm3_stm32f1.a(usb_control.o)
 .debug_loc     0x00000000000019eb     0x1213 ./libopencm3/lib/libopencm3_stm32f1.a(usb_standard.o)
 .debug_loc     0x0000000000002bfe       0xac ./libopencm3/lib/libopencm3_stm32f1.a(vector.o)
 .debug_loc     0x0000000000002caa      0x671 ./libopencm3/lib/libopencm3_stm32f1.a(usb_fx07_common.o)

.debug_aranges  0x0000000000000000      0x678
 .debug_aranges
                0x0000000000000000       0x30 i2c.o
 .debug_aranges
                0x0000000000000030       0x68 usb_slave.o
 .debug_aranges
                0x0000000000000098       0x38 ./libopencm3/lib/libopencm3_stm32f1.a(gpio.o)
 .debug_aranges
                0x00000000000000d0      0x168 ./libopencm3/lib/libopencm3_stm32f1.a(rcc.o)
 .debug_aranges
                0x0000000000000238      0x110 ./libopencm3/lib/libopencm3_stm32f1.a(i2c_common_v1.o)
 .debug_aranges
                0x0000000000000348       0x68 ./libopencm3/lib/libopencm3_stm32f1.a(rcc_common_all.o)
 .debug_aranges
                0x00000000000003b0       0x88 ./libopencm3/lib/libopencm3_stm32f1.a(flash_common_f01.o)
 .debug_aranges
                0x0000000000000438       0x88 ./libopencm3/lib/libopencm3_stm32f1.a(usb.o)
 .debug_aranges
                0x00000000000004c0       0x60 ./libopencm3/lib/libopencm3_stm32f1.a(usb_control.o)
 .debug_aranges
                0x0000000000000520       0xa0 ./libopencm3/lib/libopencm3_stm32f1.a(usb_standard.o)
 .debug_aranges
                0x00000000000005c0       0x20 ./libopencm3/lib/libopencm3_stm32f1.a(usb_f107.o)
 .debug_aranges
                0x00000000000005e0       0x30 ./libopencm3/lib/libopencm3_stm32f1.a(vector.o)
 .debug_aranges
                0x0000000000000610       0x68 ./libopencm3/lib/libopencm3_stm32f1.a(usb_fx07_common.o)

.debug_ranges   0x0000000000000000      0x6a8
 .debug_ranges  0x0000000000000000       0x20 i2c.o
 .debug_ranges  0x0000000000000020       0x58 usb_slave.o
 .debug_ranges  0x0000000000000078       0x28 ./libopencm3/lib/libopencm3_stm32f1.a(gpio.o)
 .debug_ranges  0x00000000000000a0      0x1b8 ./libopencm3/lib/libopencm3_stm32f1.a(rcc.o)
 .debug_ranges  0x0000000000000258      0x120 ./libopencm3/lib/libopencm3_stm32f1.a(i2c_common_v1.o)
 .debug_ranges  0x0000000000000378       0x58 ./libopencm3/lib/libopencm3_stm32f1.a(rcc_common_all.o)
 .debug_ranges  0x00000000000003d0       0x78 ./libopencm3/lib/libopencm3_stm32f1.a(flash_common_f01.o)
 .debug_ranges  0x0000000000000448       0x78 ./libopencm3/lib/libopencm3_stm32f1.a(usb.o)
 .debug_ranges  0x00000000000004c0       0x68 ./libopencm3/lib/libopencm3_stm32f1.a(usb_control.o)
 .debug_ranges  0x0000000000000528       0xe0 ./libopencm3/lib/libopencm3_stm32f1.a(usb_standard.o)
 .debug_ranges  0x0000000000000608       0x10 ./libopencm3/lib/libopencm3_stm32f1.a(usb_f107.o)
 .debug_ranges  0x0000000000000618       0x20 ./libopencm3/lib/libopencm3_stm32f1.a(vector.o)
 .debug_ranges  0x0000000000000638       0x70 ./libopencm3/lib/libopencm3_stm32f1.a(usb_fx07_common.o)

.debug_line     0x0000000000000000     0x2dd2
 .debug_line    0x0000000000000000      0x22c i2c.o
 .debug_line    0x000000000000022c      0x3ec usb_slave.o
 .debug_line    0x0000000000000618      0x247 ./libopencm3/lib/libopencm3_stm32f1.a(gpio.o)
 .debug_line    0x000000000000085f      0x5fa ./libopencm3/lib/libopencm3_stm32f1.a(rcc.o)
 .debug_line    0x0000000000000e59      0x488 ./libopencm3/lib/libopencm3_stm32f1.a(i2c_common_v1.o)
 .debug_line    0x00000000000012e1      0x2a5 ./libopencm3/lib/libopencm3_stm32f1.a(rcc_common_all.o)
 .debug_line    0x0000000000001586      0x30b ./libopencm3/lib/libopencm3_stm32f1.a(flash_common_f01.o)
 .debug_line    0x0000000000001891      0x311 ./libopencm3/lib/libopencm3_stm32f1.a(usb.o)
 .debug_line    0x0000000000001ba2      0x34e ./libopencm3/lib/libopencm3_stm32f1.a(usb_control.o)
 .debug_line    0x0000000000001ef0      0x496 ./libopencm3/lib/libopencm3_stm32f1.a(usb_standard.o)
 .debug_line    0x0000000000002386      0x337 ./libopencm3/lib/libopencm3_stm32f1.a(usb_f107.o)
 .debug_line    0x00000000000026bd      0x291 ./libopencm3/lib/libopencm3_stm32f1.a(vector.o)
 .debug_line    0x000000000000294e      0x484 ./libopencm3/lib/libopencm3_stm32f1.a(usb_fx07_common.o)

.debug_str      0x0000000000000000    0x166e7
 .debug_str     0x0000000000000000      0x46d i2c.o
                                        0x516 (size before relaxing)
 .debug_str     0x000000000000046d      0x8c8 usb_slave.o
                                        0xdf1 (size before relaxing)
 .debug_str     0x0000000000000d35     0x77ca ./libopencm3/lib/libopencm3_stm32f1.a(gpio.o)
                                       0x7996 (size before relaxing)
 .debug_str     0x00000000000084ff     0x3075 ./libopencm3/lib/libopencm3_stm32f1.a(rcc.o)
                                       0x7261 (size before relaxing)
 .debug_str     0x000000000000b574     0x1250 ./libopencm3/lib/libopencm3_stm32f1.a(i2c_common_v1.o)
                                       0x792c (size before relaxing)
 .debug_str     0x000000000000c7c4      0x13b ./libopencm3/lib/libopencm3_stm32f1.a(rcc_common_all.o)
                                       0x6b10 (size before relaxing)
 .debug_str     0x000000000000c8ff      0x179 ./libopencm3/lib/libopencm3_stm32f1.a(flash_common_f01.o)
                                       0x4a3d (size before relaxing)
 .debug_str     0x000000000000ca78     0x2d09 ./libopencm3/lib/libopencm3_stm32f1.a(usb.o)
                                       0x68f7 (size before relaxing)
 .debug_str     0x000000000000f781      0x1ee ./libopencm3/lib/libopencm3_stm32f1.a(usb_control.o)
                                       0x697b (size before relaxing)
 .debug_str     0x000000000000f96f      0x2b2 ./libopencm3/lib/libopencm3_stm32f1.a(usb_standard.o)
                                       0x6ab4 (size before relaxing)
 .debug_str     0x000000000000fc21     0x3381 ./libopencm3/lib/libopencm3_stm32f1.a(usb_f107.o)
                                       0xce46 (size before relaxing)
 .debug_str     0x0000000000012fa2     0x24ed ./libopencm3/lib/libopencm3_stm32f1.a(vector.o)
                                       0x5ae8 (size before relaxing)
 .debug_str     0x000000000001548f     0x1258 ./libopencm3/lib/libopencm3_stm32f1.a(usb_fx07_common.o)
                                       0xba62 (size before relaxing)

.comment        0x0000000000000000       0xb7
 .comment       0x0000000000000000       0x7f i2c.o
                                         0x80 (size before relaxing)
 .comment       0x000000000000007f       0x80 usb_slave.o
 .comment       0x000000000000007f       0x38 ./libopencm3/lib/libopencm3_stm32f1.a(gpio.o)
                                         0x39 (size before relaxing)
 .comment       0x00000000000000b7       0x39 ./libopencm3/lib/libopencm3_stm32f1.a(rcc.o)
 .comment       0x00000000000000b7       0x39 ./libopencm3/lib/libopencm3_stm32f1.a(i2c_common_v1.o)
 .comment       0x00000000000000b7       0x39 ./libopencm3/lib/libopencm3_stm32f1.a(rcc_common_all.o)
 .comment       0x00000000000000b7       0x39 ./libopencm3/lib/libopencm3_stm32f1.a(flash_common_f01.o)
 .comment       0x00000000000000b7       0x39 ./libopencm3/lib/libopencm3_stm32f1.a(usb.o)
 .comment       0x00000000000000b7       0x39 ./libopencm3/lib/libopencm3_stm32f1.a(usb_control.o)
 .comment       0x00000000000000b7       0x39 ./libopencm3/lib/libopencm3_stm32f1.a(usb_standard.o)
 .comment       0x00000000000000b7       0x39 ./libopencm3/lib/libopencm3_stm32f1.a(usb_f107.o)
 .comment       0x00000000000000b7       0x39 ./libopencm3/lib/libopencm3_stm32f1.a(vector.o)
 .comment       0x00000000000000b7       0x39 ./libopencm3/lib/libopencm3_stm32f1.a(usb_fx07_common.o)

.ARM.attributes
                0x0000000000000000       0x31
 .ARM.attributes
                0x0000000000000000       0x33 i2c.o
 .ARM.attributes
                0x0000000000000033       0x33 usb_slave.o
 .ARM.attributes
                0x0000000000000066       0x33 ./libopencm3/lib/libopencm3_stm32f1.a(gpio.o)
 .ARM.attributes
                0x0000000000000099       0x33 ./libopencm3/lib/libopencm3_stm32f1.a(rcc.o)
 .ARM.attributes
                0x00000000000000cc       0x33 ./libopencm3/lib/libopencm3_stm32f1.a(i2c_common_v1.o)
 .ARM.attributes
                0x00000000000000ff       0x33 ./libopencm3/lib/libopencm3_stm32f1.a(rcc_common_all.o)
 .ARM.attributes
                0x0000000000000132       0x33 ./libopencm3/lib/libopencm3_stm32f1.a(flash_common_f01.o)
 .ARM.attributes
                0x0000000000000165       0x33 ./libopencm3/lib/libopencm3_stm32f1.a(usb.o)
 .ARM.attributes
                0x0000000000000198       0x33 ./libopencm3/lib/libopencm3_stm32f1.a(usb_control.o)
 .ARM.attributes
                0x00000000000001cb       0x33 ./libopencm3/lib/libopencm3_stm32f1.a(usb_standard.o)
 .ARM.attributes
                0x00000000000001fe       0x33 ./libopencm3/lib/libopencm3_stm32f1.a(usb_f107.o)
 .ARM.attributes
                0x0000000000000231       0x33 ./libopencm3/lib/libopencm3_stm32f1.a(vector.o)
 .ARM.attributes
                0x0000000000000264       0x33 ./libopencm3/lib/libopencm3_stm32f1.a(usb_fx07_common.o)
 .ARM.attributes
                0x0000000000000297       0x2d /opt/gcc-arm-none-eabi-6-2017-q1-update/bin/../lib/gcc/arm-none-eabi/6.3.1/../../../../arm-none-eabi/lib/thumb/v7-m/libc.a(lib_a-malloc.o)
 .ARM.attributes
                0x00000000000002c4       0x2d /opt/gcc-arm-none-eabi-6-2017-q1-update/bin/../lib/gcc/arm-none-eabi/6.3.1/../../../../arm-none-eabi/lib/thumb/v7-m/libc.a(lib_a-mallocr.o)
 .ARM.attributes
                0x00000000000002f1       0x1b /opt/gcc-arm-none-eabi-6-2017-q1-update/bin/../lib/gcc/arm-none-eabi/6.3.1/../../../../arm-none-eabi/lib/thumb/v7-m/libc.a(lib_a-memcpy.o)
 .ARM.attributes
                0x000000000000030c       0x2d /opt/gcc-arm-none-eabi-6-2017-q1-update/bin/../lib/gcc/arm-none-eabi/6.3.1/../../../../arm-none-eabi/lib/thumb/v7-m/libc.a(lib_a-mlock.o)
 .ARM.attributes
                0x0000000000000339       0x2d /opt/gcc-arm-none-eabi-6-2017-q1-update/bin/../lib/gcc/arm-none-eabi/6.3.1/../../../../arm-none-eabi/lib/thumb/v7-m/libc.a(lib_a-sbrkr.o)
 .ARM.attributes
                0x0000000000000366       0x2d /opt/gcc-arm-none-eabi-6-2017-q1-update/bin/../lib/gcc/arm-none-eabi/6.3.1/../../../../arm-none-eabi/lib/thumb/v7-m/libc.a(lib_a-strlen-stub.o)
 .ARM.attributes
                0x0000000000000393       0x2d /opt/gcc-arm-none-eabi-6-2017-q1-update/bin/../lib/gcc/arm-none-eabi/6.3.1/../../../../arm-none-eabi/lib/thumb/v7-m/libc.a(lib_a-freer.o)
 .ARM.attributes
                0x00000000000003c0       0x2d /opt/gcc-arm-none-eabi-6-2017-q1-update/bin/../lib/gcc/arm-none-eabi/6.3.1/../../../../arm-none-eabi/lib/thumb/v7-m/libc.a(lib_a-impure.o)
 .ARM.attributes
                0x00000000000003ed       0x2d /opt/gcc-arm-none-eabi-6-2017-q1-update/bin/../lib/gcc/arm-none-eabi/6.3.1/../../../../arm-none-eabi/lib/thumb/v7-m/libc.a(lib_a-lock.o)
 .ARM.attributes
                0x000000000000041a       0x2d /opt/gcc-arm-none-eabi-6-2017-q1-update/bin/../lib/gcc/arm-none-eabi/6.3.1/../../../../arm-none-eabi/lib/thumb/v7-m/libc.a(lib_a-reent.o)
 .ARM.attributes
                0x0000000000000447       0x2d /opt/gcc-arm-none-eabi-6-2017-q1-update/bin/../lib/gcc/arm-none-eabi/6.3.1/../../../../arm-none-eabi/lib/thumb/v7-m/libnosys.a(sbrk.o)

.debug_frame    0x0000000000000000     0x1170
 .debug_frame   0x0000000000000000       0x7c i2c.o
 .debug_frame   0x000000000000007c      0x120 usb_slave.o
 .debug_frame   0x000000000000019c       0x60 ./libopencm3/lib/libopencm3_stm32f1.a(gpio.o)
 .debug_frame   0x00000000000001fc      0x300 ./libopencm3/lib/libopencm3_stm32f1.a(rcc.o)
 .debug_frame   0x00000000000004fc      0x220 ./libopencm3/lib/libopencm3_stm32f1.a(i2c_common_v1.o)
 .debug_frame   0x000000000000071c       0xb0 ./libopencm3/lib/libopencm3_stm32f1.a(rcc_common_all.o)
 .debug_frame   0x00000000000007cc      0x120 ./libopencm3/lib/libopencm3_stm32f1.a(flash_common_f01.o)
 .debug_frame   0x00000000000008ec      0x13c ./libopencm3/lib/libopencm3_stm32f1.a(usb.o)
 .debug_frame   0x0000000000000a28      0x150 ./libopencm3/lib/libopencm3_stm32f1.a(usb_control.o)
 .debug_frame   0x0000000000000b78      0x1ec ./libopencm3/lib/libopencm3_stm32f1.a(usb_standard.o)
 .debug_frame   0x0000000000000d64       0x28 ./libopencm3/lib/libopencm3_stm32f1.a(usb_f107.o)
 .debug_frame   0x0000000000000d8c       0x40 ./libopencm3/lib/libopencm3_stm32f1.a(vector.o)
 .debug_frame   0x0000000000000dcc      0x108 ./libopencm3/lib/libopencm3_stm32f1.a(usb_fx07_common.o)
 .debug_frame   0x0000000000000ed4       0x30 /opt/gcc-arm-none-eabi-6-2017-q1-update/bin/../lib/gcc/arm-none-eabi/6.3.1/../../../../arm-none-eabi/lib/thumb/v7-m/libc.a(lib_a-malloc.o)
 .debug_frame   0x0000000000000f04       0x54 /opt/gcc-arm-none-eabi-6-2017-q1-update/bin/../lib/gcc/arm-none-eabi/6.3.1/../../../../arm-none-eabi/lib/thumb/v7-m/libc.a(lib_a-mallocr.o)
 .debug_frame   0x0000000000000f58       0x30 /opt/gcc-arm-none-eabi-6-2017-q1-update/bin/../lib/gcc/arm-none-eabi/6.3.1/../../../../arm-none-eabi/lib/thumb/v7-m/libc.a(lib_a-mlock.o)
 .debug_frame   0x0000000000000f88       0x2c /opt/gcc-arm-none-eabi-6-2017-q1-update/bin/../lib/gcc/arm-none-eabi/6.3.1/../../../../arm-none-eabi/lib/thumb/v7-m/libc.a(lib_a-sbrkr.o)
 .debug_frame   0x0000000000000fb4       0x20 /opt/gcc-arm-none-eabi-6-2017-q1-update/bin/../lib/gcc/arm-none-eabi/6.3.1/../../../../arm-none-eabi/lib/thumb/v7-m/libc.a(lib_a-strlen-stub.o)
 .debug_frame   0x0000000000000fd4       0x74 /opt/gcc-arm-none-eabi-6-2017-q1-update/bin/../lib/gcc/arm-none-eabi/6.3.1/../../../../arm-none-eabi/lib/thumb/v7-m/libc.a(lib_a-freer.o)
 .debug_frame   0x0000000000001048       0xb0 /opt/gcc-arm-none-eabi-6-2017-q1-update/bin/../lib/gcc/arm-none-eabi/6.3.1/../../../../arm-none-eabi/lib/thumb/v7-m/libc.a(lib_a-lock.o)
 .debug_frame   0x00000000000010f8       0x58 /opt/gcc-arm-none-eabi-6-2017-q1-update/bin/../lib/gcc/arm-none-eabi/6.3.1/../../../../arm-none-eabi/lib/thumb/v7-m/libc.a(lib_a-reent.o)
 .debug_frame   0x0000000000001150       0x20 /opt/gcc-arm-none-eabi-6-2017-q1-update/bin/../lib/gcc/arm-none-eabi/6.3.1/../../../../arm-none-eabi/lib/thumb/v7-m/libnosys.a(sbrk.o)

.debug_macro    0x0000000000000000     0x54aa
 .debug_macro   0x0000000000000000       0xaa ./libopencm3/lib/libopencm3_stm32f1.a(gpio.o)
 .debug_macro   0x00000000000000aa      0x86e ./libopencm3/lib/libopencm3_stm32f1.a(gpio.o)
 .debug_macro   0x0000000000000918       0x22 ./libopencm3/lib/libopencm3_stm32f1.a(gpio.o)
 .debug_macro   0x000000000000093a       0x44 ./libopencm3/lib/libopencm3_stm32f1.a(gpio.o)
 .debug_macro   0x000000000000097e       0xe3 ./libopencm3/lib/libopencm3_stm32f1.a(gpio.o)
 .debug_macro   0x0000000000000a61       0x22 ./libopencm3/lib/libopencm3_stm32f1.a(gpio.o)
 .debug_macro   0x0000000000000a83      0x1df ./libopencm3/lib/libopencm3_stm32f1.a(gpio.o)
 .debug_macro   0x0000000000000c62       0x22 ./libopencm3/lib/libopencm3_stm32f1.a(gpio.o)
 .debug_macro   0x0000000000000c84       0xfa ./libopencm3/lib/libopencm3_stm32f1.a(gpio.o)
 .debug_macro   0x0000000000000d7e       0x58 ./libopencm3/lib/libopencm3_stm32f1.a(gpio.o)
 .debug_macro   0x0000000000000dd6      0x1b4 ./libopencm3/lib/libopencm3_stm32f1.a(gpio.o)
 .debug_macro   0x0000000000000f8a       0x76 ./libopencm3/lib/libopencm3_stm32f1.a(gpio.o)
 .debug_macro   0x0000000000001000      0xdfd ./libopencm3/lib/libopencm3_stm32f1.a(gpio.o)
 .debug_macro   0x0000000000001dfd       0xd1 ./libopencm3/lib/libopencm3_stm32f1.a(rcc.o)
 .debug_macro   0x0000000000001ece       0x16 ./libopencm3/lib/libopencm3_stm32f1.a(rcc.o)
 .debug_macro   0x0000000000001ee4      0x82c ./libopencm3/lib/libopencm3_stm32f1.a(rcc.o)
 .debug_macro   0x0000000000002710       0xdc ./libopencm3/lib/libopencm3_stm32f1.a(rcc.o)
 .debug_macro   0x00000000000027ec       0x82 ./libopencm3/lib/libopencm3_stm32f1.a(rcc.o)
 .debug_macro   0x000000000000286e       0xcc ./libopencm3/lib/libopencm3_stm32f1.a(i2c_common_v1.o)
 .debug_macro   0x000000000000293a      0x166 ./libopencm3/lib/libopencm3_stm32f1.a(i2c_common_v1.o)
 .debug_macro   0x0000000000002aa0      0x327 ./libopencm3/lib/libopencm3_stm32f1.a(i2c_common_v1.o)
 .debug_macro   0x0000000000002dc7       0xc0 ./libopencm3/lib/libopencm3_stm32f1.a(rcc_common_all.o)
 .debug_macro   0x0000000000002e87       0xaa ./libopencm3/lib/libopencm3_stm32f1.a(flash_common_f01.o)
 .debug_macro   0x0000000000002f31      0x135 ./libopencm3/lib/libopencm3_stm32f1.a(usb.o)
 .debug_macro   0x0000000000003066       0x58 ./libopencm3/lib/libopencm3_stm32f1.a(usb.o)
 .debug_macro   0x00000000000030be       0x35 ./libopencm3/lib/libopencm3_stm32f1.a(usb.o)
 .debug_macro   0x00000000000030f3       0x9c ./libopencm3/lib/libopencm3_stm32f1.a(usb.o)
 .debug_macro   0x000000000000318f       0x4a ./libopencm3/lib/libopencm3_stm32f1.a(usb.o)
 .debug_macro   0x00000000000031d9       0x52 ./libopencm3/lib/libopencm3_stm32f1.a(usb.o)
 .debug_macro   0x000000000000322b       0x16 ./libopencm3/lib/libopencm3_stm32f1.a(usb.o)
 .debug_macro   0x0000000000003241       0x43 ./libopencm3/lib/libopencm3_stm32f1.a(usb.o)
 .debug_macro   0x0000000000003284      0x180 ./libopencm3/lib/libopencm3_stm32f1.a(usb.o)
 .debug_macro   0x0000000000003404      0x29d ./libopencm3/lib/libopencm3_stm32f1.a(usb.o)
 .debug_macro   0x00000000000036a1       0x10 ./libopencm3/lib/libopencm3_stm32f1.a(usb.o)
 .debug_macro   0x00000000000036b1       0x35 ./libopencm3/lib/libopencm3_stm32f1.a(usb.o)
 .debug_macro   0x00000000000036e6      0x196 ./libopencm3/lib/libopencm3_stm32f1.a(usb.o)
 .debug_macro   0x000000000000387c       0x10 ./libopencm3/lib/libopencm3_stm32f1.a(usb.o)
 .debug_macro   0x000000000000388c       0x1c ./libopencm3/lib/libopencm3_stm32f1.a(usb.o)
 .debug_macro   0x00000000000038a8      0x143 ./libopencm3/lib/libopencm3_stm32f1.a(usb_control.o)
 .debug_macro   0x00000000000039eb       0x16 ./libopencm3/lib/libopencm3_stm32f1.a(usb_control.o)
 .debug_macro   0x0000000000003a01      0x10e ./libopencm3/lib/libopencm3_stm32f1.a(usb_control.o)
 .debug_macro   0x0000000000003b0f       0x7f ./libopencm3/lib/libopencm3_stm32f1.a(usb_control.o)
 .debug_macro   0x0000000000003b8e       0x22 ./libopencm3/lib/libopencm3_stm32f1.a(usb_control.o)
 .debug_macro   0x0000000000003bb0      0x135 ./libopencm3/lib/libopencm3_stm32f1.a(usb_standard.o)
 .debug_macro   0x0000000000003ce5      0x19a ./libopencm3/lib/libopencm3_stm32f1.a(usb_f107.o)
 .debug_macro   0x0000000000003e7f       0x3a ./libopencm3/lib/libopencm3_stm32f1.a(usb_f107.o)
 .debug_macro   0x0000000000003eb9      0x8d7 ./libopencm3/lib/libopencm3_stm32f1.a(usb_f107.o)
 .debug_macro   0x0000000000004790      0x130 ./libopencm3/lib/libopencm3_stm32f1.a(usb_f107.o)
 .debug_macro   0x00000000000048c0      0x19c ./libopencm3/lib/libopencm3_stm32f1.a(usb_f107.o)
 .debug_macro   0x0000000000004a5c       0xc1 ./libopencm3/lib/libopencm3_stm32f1.a(vector.o)
 .debug_macro   0x0000000000004b1d      0x3a1 ./libopencm3/lib/libopencm3_stm32f1.a(vector.o)
 .debug_macro   0x0000000000004ebe       0x6a ./libopencm3/lib/libopencm3_stm32f1.a(vector.o)
 .debug_macro   0x0000000000004f28      0x1a2 ./libopencm3/lib/libopencm3_stm32f1.a(vector.o)
 .debug_macro   0x00000000000050ca      0x191 ./libopencm3/lib/libopencm3_stm32f1.a(usb_fx07_common.o)
 .debug_macro   0x000000000000525b      0x24f ./libopencm3/lib/libopencm3_stm32f1.a(usb_fx07_common.o)
